<?xml version="1.0" encoding="UTF-8"?>
<testsuites>
  <testsuite name="All tests" tests="177" assertions="377" failures="18" errors="19" time="168.676169">
    <testsuite name="All controllers" tests="66" assertions="166" failures="18" errors="19" time="70.863510">
      <testsuite name="ActivitiesControllerTest" file="C:\wamp\www\agileleagues\app\Test\Case\Controller\ActivitiesControllerTest.php" tests="20" assertions="53" failures="2" errors="11" time="25.335005">
        <testcase name="testIndex" class="ActivitiesControllerTest" file="C:\wamp\www\agileleagues\app\Test\Case\Controller\ActivitiesControllerTest.php" line="21" assertions="2" time="2.228500">
          <error type="PHPUnit_Framework_Error_Notice">ActivitiesControllerTest::testIndex
Undefined variable: activity

C:\wamp\www\agileleagues\app\View\Activities\index.ctp:30
C:\wamp\www\agileleagues\lib\Cake\View\View.php:929
C:\wamp\www\agileleagues\lib\Cake\View\View.php:891
C:\wamp\www\agileleagues\lib\Cake\View\View.php:460
C:\wamp\www\agileleagues\lib\Cake\Controller\Controller.php:952
C:\wamp\www\agileleagues\lib\Cake\Routing\Dispatcher.php:192
C:\wamp\www\agileleagues\lib\Cake\Routing\Dispatcher.php:160
C:\wamp\www\agileleagues\lib\Cake\TestSuite\ControllerTestCase.php:270
C:\wamp\www\agileleagues\lib\Cake\TestSuite\ControllerTestCase.php:188
C:\wamp\www\agileleagues\app\Test\Case\Controller\ActivitiesControllerTest.php:23
C:\wamp\www\agileleagues\app\Test\Case\Controller\ActivitiesControllerTest.php:23
C:\wamp\www\agileleagues\lib\Cake\TestSuite\CakeTestCase.php:82
C:\wamp\www\agileleagues\lib\Cake\TestSuite\CakeTestRunner.php:60
C:\wamp\www\agileleagues\lib\Cake\TestSuite\CakeTestSuiteCommand.php:95
C:\wamp\www\agileleagues\lib\Cake\Console\Command\TestShell.php:273
C:\wamp\www\agileleagues\lib\Cake\Console\Command\TestShell.php:258
C:\wamp\www\agileleagues\lib\Cake\Console\Shell.php:434
C:\wamp\www\agileleagues\lib\Cake\Console\ShellDispatcher.php:207
C:\wamp\www\agileleagues\lib\Cake\Console\ShellDispatcher.php:66
</error>
        </testcase>
        <testcase name="testInactivateNotScrumMaster" class="ActivitiesControllerTest" file="C:\wamp\www\agileleagues\app\Test\Case\Controller\ActivitiesControllerTest.php" line="36" assertions="3" time="1.558562"/>
        <testcase name="testInactivateNotFound" class="ActivitiesControllerTest" file="C:\wamp\www\agileleagues\app\Test\Case\Controller\ActivitiesControllerTest.php" line="41" assertions="4" time="1.139894"/>
        <testcase name="testInactivateSuccess" class="ActivitiesControllerTest" file="C:\wamp\www\agileleagues\app\Test\Case\Controller\ActivitiesControllerTest.php" line="47" assertions="5" time="0.992186"/>
        <testcase name="testReportGet" class="ActivitiesControllerTest" file="C:\wamp\www\agileleagues\app\Test\Case\Controller\ActivitiesControllerTest.php" line="55" assertions="2" time="1.251027">
          <error type="PHPUnit_Framework_Error_Notice">ActivitiesControllerTest::testReportGet
Undefined variable: domain

C:\wamp\www\agileleagues\app\View\Elements\main_menu.ctp:107
C:\wamp\www\agileleagues\lib\Cake\View\View.php:929
C:\wamp\www\agileleagues\lib\Cake\View\View.php:891
C:\wamp\www\agileleagues\lib\Cake\View\View.php:1189
C:\wamp\www\agileleagues\lib\Cake\View\View.php:406
C:\wamp\www\agileleagues\app\View\Layouts\default.ctp:53
C:\wamp\www\agileleagues\lib\Cake\View\View.php:929
C:\wamp\www\agileleagues\lib\Cake\View\View.php:891
C:\wamp\www\agileleagues\lib\Cake\View\View.php:523
C:\wamp\www\agileleagues\lib\Cake\View\View.php:468
C:\wamp\www\agileleagues\lib\Cake\Controller\Controller.php:952
C:\wamp\www\agileleagues\lib\Cake\Routing\Dispatcher.php:192
C:\wamp\www\agileleagues\lib\Cake\Routing\Dispatcher.php:160
C:\wamp\www\agileleagues\lib\Cake\TestSuite\ControllerTestCase.php:270
C:\wamp\www\agileleagues\lib\Cake\TestSuite\ControllerTestCase.php:188
C:\wamp\www\agileleagues\app\Test\Case\Controller\ActivitiesControllerTest.php:57
C:\wamp\www\agileleagues\app\Test\Case\Controller\ActivitiesControllerTest.php:57
C:\wamp\www\agileleagues\lib\Cake\TestSuite\CakeTestCase.php:82
C:\wamp\www\agileleagues\lib\Cake\TestSuite\CakeTestRunner.php:60
C:\wamp\www\agileleagues\lib\Cake\TestSuite\CakeTestSuiteCommand.php:95
C:\wamp\www\agileleagues\lib\Cake\Console\Command\TestShell.php:273
C:\wamp\www\agileleagues\lib\Cake\Console\Command\TestShell.php:258
C:\wamp\www\agileleagues\lib\Cake\Console\Shell.php:434
C:\wamp\www\agileleagues\lib\Cake\Console\ShellDispatcher.php:207
C:\wamp\www\agileleagues\lib\Cake\Console\ShellDispatcher.php:66
</error>
        </testcase>
        <testcase name="testReportPost" class="ActivitiesControllerTest" file="C:\wamp\www\agileleagues\app\Test\Case\Controller\ActivitiesControllerTest.php" line="67" assertions="5" time="1.355614"/>
        <testcase name="testMyPending" class="ActivitiesControllerTest" file="C:\wamp\www\agileleagues\app\Test\Case\Controller\ActivitiesControllerTest.php" line="89" assertions="2" time="0.983034">
          <error type="PHPUnit_Framework_Error_Notice">ActivitiesControllerTest::testMyPending
Undefined variable: log

C:\wamp\www\agileleagues\app\View\Activities\mypending.ctp:18
C:\wamp\www\agileleagues\lib\Cake\View\View.php:929
C:\wamp\www\agileleagues\lib\Cake\View\View.php:891
C:\wamp\www\agileleagues\lib\Cake\View\View.php:460
C:\wamp\www\agileleagues\lib\Cake\Controller\Controller.php:952
C:\wamp\www\agileleagues\lib\Cake\Routing\Dispatcher.php:192
C:\wamp\www\agileleagues\lib\Cake\Routing\Dispatcher.php:160
C:\wamp\www\agileleagues\lib\Cake\TestSuite\ControllerTestCase.php:270
C:\wamp\www\agileleagues\lib\Cake\TestSuite\ControllerTestCase.php:188
C:\wamp\www\agileleagues\app\Test\Case\Controller\ActivitiesControllerTest.php:91
C:\wamp\www\agileleagues\app\Test\Case\Controller\ActivitiesControllerTest.php:91
C:\wamp\www\agileleagues\lib\Cake\TestSuite\CakeTestCase.php:82
C:\wamp\www\agileleagues\lib\Cake\TestSuite\CakeTestRunner.php:60
C:\wamp\www\agileleagues\lib\Cake\TestSuite\CakeTestSuiteCommand.php:95
C:\wamp\www\agileleagues\lib\Cake\Console\Command\TestShell.php:273
C:\wamp\www\agileleagues\lib\Cake\Console\Command\TestShell.php:258
C:\wamp\www\agileleagues\lib\Cake\Console\Shell.php:434
C:\wamp\www\agileleagues\lib\Cake\Console\ShellDispatcher.php:207
C:\wamp\www\agileleagues\lib\Cake\Console\ShellDispatcher.php:66
</error>
        </testcase>
        <testcase name="testMyReviewed" class="ActivitiesControllerTest" file="C:\wamp\www\agileleagues\app\Test\Case\Controller\ActivitiesControllerTest.php" line="94" assertions="2" time="1.211820">
          <error type="PHPUnit_Framework_Error_Notice">ActivitiesControllerTest::testMyReviewed
Undefined variable: log

C:\wamp\www\agileleagues\app\View\Activities\myreviewed.ctp:17
C:\wamp\www\agileleagues\lib\Cake\View\View.php:929
C:\wamp\www\agileleagues\lib\Cake\View\View.php:891
C:\wamp\www\agileleagues\lib\Cake\View\View.php:460
C:\wamp\www\agileleagues\lib\Cake\Controller\Controller.php:952
C:\wamp\www\agileleagues\lib\Cake\Routing\Dispatcher.php:192
C:\wamp\www\agileleagues\lib\Cake\Routing\Dispatcher.php:160
C:\wamp\www\agileleagues\lib\Cake\TestSuite\ControllerTestCase.php:270
C:\wamp\www\agileleagues\lib\Cake\TestSuite\ControllerTestCase.php:188
C:\wamp\www\agileleagues\app\Test\Case\Controller\ActivitiesControllerTest.php:96
C:\wamp\www\agileleagues\app\Test\Case\Controller\ActivitiesControllerTest.php:96
C:\wamp\www\agileleagues\lib\Cake\TestSuite\CakeTestCase.php:82
C:\wamp\www\agileleagues\lib\Cake\TestSuite\CakeTestRunner.php:60
C:\wamp\www\agileleagues\lib\Cake\TestSuite\CakeTestSuiteCommand.php:95
C:\wamp\www\agileleagues\lib\Cake\Console\Command\TestShell.php:273
C:\wamp\www\agileleagues\lib\Cake\Console\Command\TestShell.php:258
C:\wamp\www\agileleagues\lib\Cake\Console\Shell.php:434
C:\wamp\www\agileleagues\lib\Cake\Console\ShellDispatcher.php:207
C:\wamp\www\agileleagues\lib\Cake\Console\ShellDispatcher.php:66
</error>
        </testcase>
        <testcase name="testDay" class="ActivitiesControllerTest" file="C:\wamp\www\agileleagues\app\Test\Case\Controller\ActivitiesControllerTest.php" line="99" assertions="2" time="1.024885">
          <error type="PHPUnit_Framework_Error_Notice">ActivitiesControllerTest::testDay
Undefined variable: log

C:\wamp\www\agileleagues\app\View\Activities\day.ctp:16
C:\wamp\www\agileleagues\lib\Cake\View\View.php:929
C:\wamp\www\agileleagues\lib\Cake\View\View.php:891
C:\wamp\www\agileleagues\lib\Cake\View\View.php:460
C:\wamp\www\agileleagues\lib\Cake\Controller\Controller.php:952
C:\wamp\www\agileleagues\lib\Cake\Routing\Dispatcher.php:192
C:\wamp\www\agileleagues\lib\Cake\Routing\Dispatcher.php:160
C:\wamp\www\agileleagues\lib\Cake\TestSuite\ControllerTestCase.php:270
C:\wamp\www\agileleagues\lib\Cake\TestSuite\ControllerTestCase.php:188
C:\wamp\www\agileleagues\app\Test\Case\Controller\ActivitiesControllerTest.php:102
C:\wamp\www\agileleagues\app\Test\Case\Controller\ActivitiesControllerTest.php:102
C:\wamp\www\agileleagues\lib\Cake\TestSuite\CakeTestCase.php:82
C:\wamp\www\agileleagues\lib\Cake\TestSuite\CakeTestRunner.php:60
C:\wamp\www\agileleagues\lib\Cake\TestSuite\CakeTestSuiteCommand.php:95
C:\wamp\www\agileleagues\lib\Cake\Console\Command\TestShell.php:273
C:\wamp\www\agileleagues\lib\Cake\Console\Command\TestShell.php:258
C:\wamp\www\agileleagues\lib\Cake\Console\Shell.php:434
C:\wamp\www\agileleagues\lib\Cake\Console\ShellDispatcher.php:207
C:\wamp\www\agileleagues\lib\Cake\Console\ShellDispatcher.php:66
</error>
        </testcase>
        <testcase name="testCalendar" class="ActivitiesControllerTest" file="C:\wamp\www\agileleagues\app\Test\Case\Controller\ActivitiesControllerTest.php" line="106" assertions="2" time="1.178076">
          <error type="PHPUnit_Framework_Error_Notice">ActivitiesControllerTest::testCalendar
Undefined variable: events

C:\wamp\www\agileleagues\app\View\Activities\calendar.ctp:62
C:\wamp\www\agileleagues\lib\Cake\View\View.php:929
C:\wamp\www\agileleagues\lib\Cake\View\View.php:891
C:\wamp\www\agileleagues\lib\Cake\View\View.php:460
C:\wamp\www\agileleagues\lib\Cake\Controller\Controller.php:952
C:\wamp\www\agileleagues\lib\Cake\Routing\Dispatcher.php:192
C:\wamp\www\agileleagues\lib\Cake\Routing\Dispatcher.php:160
C:\wamp\www\agileleagues\lib\Cake\TestSuite\ControllerTestCase.php:270
C:\wamp\www\agileleagues\lib\Cake\TestSuite\ControllerTestCase.php:188
C:\wamp\www\agileleagues\app\Test\Case\Controller\ActivitiesControllerTest.php:108
C:\wamp\www\agileleagues\app\Test\Case\Controller\ActivitiesControllerTest.php:108
C:\wamp\www\agileleagues\lib\Cake\TestSuite\CakeTestCase.php:82
C:\wamp\www\agileleagues\lib\Cake\TestSuite\CakeTestRunner.php:60
C:\wamp\www\agileleagues\lib\Cake\TestSuite\CakeTestSuiteCommand.php:95
C:\wamp\www\agileleagues\lib\Cake\Console\Command\TestShell.php:273
C:\wamp\www\agileleagues\lib\Cake\Console\Command\TestShell.php:258
C:\wamp\www\agileleagues\lib\Cake\Console\Shell.php:434
C:\wamp\www\agileleagues\lib\Cake\Console\ShellDispatcher.php:207
C:\wamp\www\agileleagues\lib\Cake\Console\ShellDispatcher.php:66
</error>
        </testcase>
        <testcase name="testNotReviewedNotScrumMaster" class="ActivitiesControllerTest" file="C:\wamp\www\agileleagues\app\Test\Case\Controller\ActivitiesControllerTest.php" line="112" assertions="4" time="1.687695"/>
        <testcase name="testNotReviewed" class="ActivitiesControllerTest" file="C:\wamp\www\agileleagues\app\Test\Case\Controller\ActivitiesControllerTest.php" line="118" assertions="2" time="2.227900">
          <error type="PHPUnit_Framework_Error_Notice">ActivitiesControllerTest::testNotReviewed
Undefined variable: log

C:\wamp\www\agileleagues\app\View\Activities\not_reviewed.ctp:19
C:\wamp\www\agileleagues\lib\Cake\View\View.php:929
C:\wamp\www\agileleagues\lib\Cake\View\View.php:891
C:\wamp\www\agileleagues\lib\Cake\View\View.php:460
C:\wamp\www\agileleagues\lib\Cake\Controller\Controller.php:952
C:\wamp\www\agileleagues\lib\Cake\Routing\Dispatcher.php:192
C:\wamp\www\agileleagues\lib\Cake\Routing\Dispatcher.php:160
C:\wamp\www\agileleagues\lib\Cake\TestSuite\ControllerTestCase.php:270
C:\wamp\www\agileleagues\lib\Cake\TestSuite\ControllerTestCase.php:188
C:\wamp\www\agileleagues\app\Test\Case\Controller\ActivitiesControllerTest.php:120
C:\wamp\www\agileleagues\app\Test\Case\Controller\ActivitiesControllerTest.php:120
C:\wamp\www\agileleagues\lib\Cake\TestSuite\CakeTestCase.php:82
C:\wamp\www\agileleagues\lib\Cake\TestSuite\CakeTestRunner.php:60
C:\wamp\www\agileleagues\lib\Cake\TestSuite\CakeTestSuiteCommand.php:95
C:\wamp\www\agileleagues\lib\Cake\Console\Command\TestShell.php:273
C:\wamp\www\agileleagues\lib\Cake\Console\Command\TestShell.php:258
C:\wamp\www\agileleagues\lib\Cake\Console\Shell.php:434
C:\wamp\www\agileleagues\lib\Cake\Console\ShellDispatcher.php:207
C:\wamp\www\agileleagues\lib\Cake\Console\ShellDispatcher.php:66
</error>
        </testcase>
        <testcase name="testEditNotScrumMaster" class="ActivitiesControllerTest" file="C:\wamp\www\agileleagues\app\Test\Case\Controller\ActivitiesControllerTest.php" line="125" assertions="1" time="1.105814">
          <failure type="PHPUnit_Framework_ExpectationFailedException">ActivitiesControllerTest::testEditNotScrumMaster
Failed asserting that 3 matches expected 1.

C:\wamp\www\agileleagues\app\Lib\ControllerTestCaseUtils.php:33
C:\wamp\www\agileleagues\app\Test\Case\Controller\ActivitiesControllerTest.php:126
C:\wamp\www\agileleagues\lib\Cake\TestSuite\CakeTestCase.php:82
C:\wamp\www\agileleagues\lib\Cake\TestSuite\CakeTestRunner.php:60
C:\wamp\www\agileleagues\lib\Cake\TestSuite\CakeTestSuiteCommand.php:95
C:\wamp\www\agileleagues\lib\Cake\Console\Command\TestShell.php:273
C:\wamp\www\agileleagues\lib\Cake\Console\Command\TestShell.php:258
C:\wamp\www\agileleagues\lib\Cake\Console\Shell.php:434
C:\wamp\www\agileleagues\lib\Cake\Console\ShellDispatcher.php:207
C:\wamp\www\agileleagues\lib\Cake\Console\ShellDispatcher.php:66
</failure>
        </testcase>
        <testcase name="testEditGet" class="ActivitiesControllerTest" file="C:\wamp\www\agileleagues\app\Test\Case\Controller\ActivitiesControllerTest.php" line="131" assertions="2" time="1.166072">
          <error type="PHPUnit_Framework_Error_Notice">ActivitiesControllerTest::testEditGet
Undefined variable: domain

C:\wamp\www\agileleagues\app\View\Elements\main_menu.ctp:107
C:\wamp\www\agileleagues\lib\Cake\View\View.php:929
C:\wamp\www\agileleagues\lib\Cake\View\View.php:891
C:\wamp\www\agileleagues\lib\Cake\View\View.php:1189
C:\wamp\www\agileleagues\lib\Cake\View\View.php:406
C:\wamp\www\agileleagues\app\View\Layouts\default.ctp:53
C:\wamp\www\agileleagues\lib\Cake\View\View.php:929
C:\wamp\www\agileleagues\lib\Cake\View\View.php:891
C:\wamp\www\agileleagues\lib\Cake\View\View.php:523
C:\wamp\www\agileleagues\lib\Cake\View\View.php:468
C:\wamp\www\agileleagues\lib\Cake\Controller\Controller.php:952
C:\wamp\www\agileleagues\lib\Cake\Routing\Dispatcher.php:192
C:\wamp\www\agileleagues\lib\Cake\Routing\Dispatcher.php:160
C:\wamp\www\agileleagues\lib\Cake\TestSuite\ControllerTestCase.php:270
C:\wamp\www\agileleagues\lib\Cake\TestSuite\ControllerTestCase.php:188
C:\wamp\www\agileleagues\app\Test\Case\Controller\ActivitiesControllerTest.php:133
C:\wamp\www\agileleagues\app\Test\Case\Controller\ActivitiesControllerTest.php:133
C:\wamp\www\agileleagues\lib\Cake\TestSuite\CakeTestCase.php:82
C:\wamp\www\agileleagues\lib\Cake\TestSuite\CakeTestRunner.php:60
C:\wamp\www\agileleagues\lib\Cake\TestSuite\CakeTestSuiteCommand.php:95
C:\wamp\www\agileleagues\lib\Cake\Console\Command\TestShell.php:273
C:\wamp\www\agileleagues\lib\Cake\Console\Command\TestShell.php:258
C:\wamp\www\agileleagues\lib\Cake\Console\Shell.php:434
C:\wamp\www\agileleagues\lib\Cake\Console\ShellDispatcher.php:207
C:\wamp\www\agileleagues\lib\Cake\Console\ShellDispatcher.php:66
</error>
        </testcase>
        <testcase name="testEditPostSuccess" class="ActivitiesControllerTest" file="C:\wamp\www\agileleagues\app\Test\Case\Controller\ActivitiesControllerTest.php" line="137" assertions="4" time="1.007135"/>
        <testcase name="testEditPostValidationError" class="ActivitiesControllerTest" file="C:\wamp\www\agileleagues\app\Test\Case\Controller\ActivitiesControllerTest.php" line="152" assertions="2" time="0.980514">
          <error type="PHPUnit_Framework_Error_Notice">ActivitiesControllerTest::testEditPostValidationError
Undefined variable: domain

C:\wamp\www\agileleagues\app\View\Elements\main_menu.ctp:107
C:\wamp\www\agileleagues\lib\Cake\View\View.php:929
C:\wamp\www\agileleagues\lib\Cake\View\View.php:891
C:\wamp\www\agileleagues\lib\Cake\View\View.php:1189
C:\wamp\www\agileleagues\lib\Cake\View\View.php:406
C:\wamp\www\agileleagues\app\View\Layouts\default.ctp:53
C:\wamp\www\agileleagues\lib\Cake\View\View.php:929
C:\wamp\www\agileleagues\lib\Cake\View\View.php:891
C:\wamp\www\agileleagues\lib\Cake\View\View.php:523
C:\wamp\www\agileleagues\lib\Cake\View\View.php:468
C:\wamp\www\agileleagues\lib\Cake\Controller\Controller.php:952
C:\wamp\www\agileleagues\lib\Cake\Routing\Dispatcher.php:192
C:\wamp\www\agileleagues\lib\Cake\Routing\Dispatcher.php:160
C:\wamp\www\agileleagues\lib\Cake\TestSuite\ControllerTestCase.php:270
C:\wamp\www\agileleagues\lib\Cake\TestSuite\ControllerTestCase.php:188
C:\wamp\www\agileleagues\app\Test\Case\Controller\ActivitiesControllerTest.php:162
C:\wamp\www\agileleagues\app\Test\Case\Controller\ActivitiesControllerTest.php:162
C:\wamp\www\agileleagues\lib\Cake\TestSuite\CakeTestCase.php:82
C:\wamp\www\agileleagues\lib\Cake\TestSuite\CakeTestRunner.php:60
C:\wamp\www\agileleagues\lib\Cake\TestSuite\CakeTestSuiteCommand.php:95
C:\wamp\www\agileleagues\lib\Cake\Console\Command\TestShell.php:273
C:\wamp\www\agileleagues\lib\Cake\Console\Command\TestShell.php:258
C:\wamp\www\agileleagues\lib\Cake\Console\Shell.php:434
C:\wamp\www\agileleagues\lib\Cake\Console\ShellDispatcher.php:207
C:\wamp\www\agileleagues\lib\Cake\Console\ShellDispatcher.php:66
</error>
        </testcase>
        <testcase name="testAddNotScrumMaster" class="ActivitiesControllerTest" file="C:\wamp\www\agileleagues\app\Test\Case\Controller\ActivitiesControllerTest.php" line="167" assertions="1" time="0.953746">
          <failure type="PHPUnit_Framework_ExpectationFailedException">ActivitiesControllerTest::testAddNotScrumMaster
Failed asserting that 3 matches expected 1.

C:\wamp\www\agileleagues\app\Lib\ControllerTestCaseUtils.php:33
C:\wamp\www\agileleagues\app\Test\Case\Controller\ActivitiesControllerTest.php:168
C:\wamp\www\agileleagues\lib\Cake\TestSuite\CakeTestCase.php:82
C:\wamp\www\agileleagues\lib\Cake\TestSuite\CakeTestRunner.php:60
C:\wamp\www\agileleagues\lib\Cake\TestSuite\CakeTestSuiteCommand.php:95
C:\wamp\www\agileleagues\lib\Cake\Console\Command\TestShell.php:273
C:\wamp\www\agileleagues\lib\Cake\Console\Command\TestShell.php:258
C:\wamp\www\agileleagues\lib\Cake\Console\Shell.php:434
C:\wamp\www\agileleagues\lib\Cake\Console\ShellDispatcher.php:207
C:\wamp\www\agileleagues\lib\Cake\Console\ShellDispatcher.php:66
</failure>
        </testcase>
        <testcase name="testAddGet" class="ActivitiesControllerTest" file="C:\wamp\www\agileleagues\app\Test\Case\Controller\ActivitiesControllerTest.php" line="173" assertions="2" time="1.088414">
          <error type="PHPUnit_Framework_Error_Notice">ActivitiesControllerTest::testAddGet
Undefined variable: domain

C:\wamp\www\agileleagues\app\View\Elements\main_menu.ctp:107
C:\wamp\www\agileleagues\lib\Cake\View\View.php:929
C:\wamp\www\agileleagues\lib\Cake\View\View.php:891
C:\wamp\www\agileleagues\lib\Cake\View\View.php:1189
C:\wamp\www\agileleagues\lib\Cake\View\View.php:406
C:\wamp\www\agileleagues\app\View\Layouts\default.ctp:53
C:\wamp\www\agileleagues\lib\Cake\View\View.php:929
C:\wamp\www\agileleagues\lib\Cake\View\View.php:891
C:\wamp\www\agileleagues\lib\Cake\View\View.php:523
C:\wamp\www\agileleagues\lib\Cake\View\View.php:468
C:\wamp\www\agileleagues\lib\Cake\Controller\Controller.php:952
C:\wamp\www\agileleagues\lib\Cake\Routing\Dispatcher.php:192
C:\wamp\www\agileleagues\lib\Cake\Routing\Dispatcher.php:160
C:\wamp\www\agileleagues\lib\Cake\TestSuite\ControllerTestCase.php:270
C:\wamp\www\agileleagues\lib\Cake\TestSuite\ControllerTestCase.php:188
C:\wamp\www\agileleagues\app\Test\Case\Controller\ActivitiesControllerTest.php:175
C:\wamp\www\agileleagues\app\Test\Case\Controller\ActivitiesControllerTest.php:175
C:\wamp\www\agileleagues\lib\Cake\TestSuite\CakeTestCase.php:82
C:\wamp\www\agileleagues\lib\Cake\TestSuite\CakeTestRunner.php:60
C:\wamp\www\agileleagues\lib\Cake\TestSuite\CakeTestSuiteCommand.php:95
C:\wamp\www\agileleagues\lib\Cake\Console\Command\TestShell.php:273
C:\wamp\www\agileleagues\lib\Cake\Console\Command\TestShell.php:258
C:\wamp\www\agileleagues\lib\Cake\Console\Shell.php:434
C:\wamp\www\agileleagues\lib\Cake\Console\ShellDispatcher.php:207
C:\wamp\www\agileleagues\lib\Cake\Console\ShellDispatcher.php:66
</error>
        </testcase>
        <testcase name="testAddPostSuccess" class="ActivitiesControllerTest" file="C:\wamp\www\agileleagues\app\Test\Case\Controller\ActivitiesControllerTest.php" line="178" assertions="4" time="1.083266"/>
        <testcase name="testAddPostValidationError" class="ActivitiesControllerTest" file="C:\wamp\www\agileleagues\app\Test\Case\Controller\ActivitiesControllerTest.php" line="194" assertions="2" time="1.110850">
          <error type="PHPUnit_Framework_Error_Notice">ActivitiesControllerTest::testAddPostValidationError
Undefined variable: domain

C:\wamp\www\agileleagues\app\View\Elements\main_menu.ctp:107
C:\wamp\www\agileleagues\lib\Cake\View\View.php:929
C:\wamp\www\agileleagues\lib\Cake\View\View.php:891
C:\wamp\www\agileleagues\lib\Cake\View\View.php:1189
C:\wamp\www\agileleagues\lib\Cake\View\View.php:406
C:\wamp\www\agileleagues\app\View\Layouts\default.ctp:53
C:\wamp\www\agileleagues\lib\Cake\View\View.php:929
C:\wamp\www\agileleagues\lib\Cake\View\View.php:891
C:\wamp\www\agileleagues\lib\Cake\View\View.php:523
C:\wamp\www\agileleagues\lib\Cake\View\View.php:468
C:\wamp\www\agileleagues\lib\Cake\Controller\Controller.php:952
C:\wamp\www\agileleagues\lib\Cake\Routing\Dispatcher.php:192
C:\wamp\www\agileleagues\lib\Cake\Routing\Dispatcher.php:160
C:\wamp\www\agileleagues\lib\Cake\TestSuite\ControllerTestCase.php:270
C:\wamp\www\agileleagues\lib\Cake\TestSuite\ControllerTestCase.php:188
C:\wamp\www\agileleagues\app\Test\Case\Controller\ActivitiesControllerTest.php:205
C:\wamp\www\agileleagues\app\Test\Case\Controller\ActivitiesControllerTest.php:205
C:\wamp\www\agileleagues\lib\Cake\TestSuite\CakeTestCase.php:82
C:\wamp\www\agileleagues\lib\Cake\TestSuite\CakeTestRunner.php:60
C:\wamp\www\agileleagues\lib\Cake\TestSuite\CakeTestSuiteCommand.php:95
C:\wamp\www\agileleagues\lib\Cake\Console\Command\TestShell.php:273
C:\wamp\www\agileleagues\lib\Cake\Console\Command\TestShell.php:258
C:\wamp\www\agileleagues\lib\Cake\Console\Shell.php:434
C:\wamp\www\agileleagues\lib\Cake\Console\ShellDispatcher.php:207
C:\wamp\www\agileleagues\lib\Cake\Console\ShellDispatcher.php:66
</error>
        </testcase>
      </testsuite>
      <testsuite name="BadgesControllerTest" file="C:\wamp\www\agileleagues\app\Test\Case\Controller\BadgesControllerTest.php" tests="1" assertions="1" failures="1" errors="0" time="0.923557">
        <testcase name="testIndex" class="BadgesControllerTest" file="C:\wamp\www\agileleagues\app\Test\Case\Controller\BadgesControllerTest.php" line="19" assertions="1" time="0.923557">
          <failure type="PHPUnit_Framework_ExpectationFailedException">BadgesControllerTest::testIndex
Failed asserting that 3 matches expected 1.

C:\wamp\www\agileleagues\app\Lib\ControllerTestCaseUtils.php:33
C:\wamp\www\agileleagues\app\Test\Case\Controller\BadgesControllerTest.php:16
C:\wamp\www\agileleagues\lib\Cake\TestSuite\CakeTestCase.php:82
C:\wamp\www\agileleagues\lib\Cake\TestSuite\CakeTestRunner.php:60
C:\wamp\www\agileleagues\lib\Cake\TestSuite\CakeTestSuiteCommand.php:95
C:\wamp\www\agileleagues\lib\Cake\Console\Command\TestShell.php:273
C:\wamp\www\agileleagues\lib\Cake\Console\Command\TestShell.php:258
C:\wamp\www\agileleagues\lib\Cake\Console\Shell.php:434
C:\wamp\www\agileleagues\lib\Cake\Console\ShellDispatcher.php:207
C:\wamp\www\agileleagues\lib\Cake\Console\ShellDispatcher.php:66
</failure>
        </testcase>
      </testsuite>
      <testsuite name="DashboardsControllerTest" file="C:\wamp\www\agileleagues\app\Test\Case\Controller\DashboardsControllerTest.php" tests="5" assertions="5" failures="5" errors="0" time="5.777615">
        <testcase name="testActivities" class="DashboardsControllerTest" file="C:\wamp\www\agileleagues\app\Test\Case\Controller\DashboardsControllerTest.php" line="22" assertions="1" time="1.188242">
          <failure type="PHPUnit_Framework_ExpectationFailedException">DashboardsControllerTest::testActivities
Failed asserting that 3 matches expected 1.

C:\wamp\www\agileleagues\app\Lib\ControllerTestCaseUtils.php:33
C:\wamp\www\agileleagues\app\Test\Case\Controller\DashboardsControllerTest.php:19
C:\wamp\www\agileleagues\lib\Cake\TestSuite\CakeTestCase.php:82
C:\wamp\www\agileleagues\lib\Cake\TestSuite\CakeTestRunner.php:60
C:\wamp\www\agileleagues\lib\Cake\TestSuite\CakeTestSuiteCommand.php:95
C:\wamp\www\agileleagues\lib\Cake\Console\Command\TestShell.php:273
C:\wamp\www\agileleagues\lib\Cake\Console\Command\TestShell.php:258
C:\wamp\www\agileleagues\lib\Cake\Console\Shell.php:434
C:\wamp\www\agileleagues\lib\Cake\Console\ShellDispatcher.php:207
C:\wamp\www\agileleagues\lib\Cake\Console\ShellDispatcher.php:66
</failure>
        </testcase>
        <testcase name="testActivitiesDomainDetails" class="DashboardsControllerTest" file="C:\wamp\www\agileleagues\app\Test\Case\Controller\DashboardsControllerTest.php" line="45" assertions="1" time="1.589308">
          <failure type="PHPUnit_Framework_ExpectationFailedException">DashboardsControllerTest::testActivitiesDomainDetails
Failed asserting that 3 matches expected 1.

C:\wamp\www\agileleagues\app\Lib\ControllerTestCaseUtils.php:33
C:\wamp\www\agileleagues\app\Test\Case\Controller\DashboardsControllerTest.php:19
C:\wamp\www\agileleagues\lib\Cake\TestSuite\CakeTestCase.php:82
C:\wamp\www\agileleagues\lib\Cake\TestSuite\CakeTestRunner.php:60
C:\wamp\www\agileleagues\lib\Cake\TestSuite\CakeTestSuiteCommand.php:95
C:\wamp\www\agileleagues\lib\Cake\Console\Command\TestShell.php:273
C:\wamp\www\agileleagues\lib\Cake\Console\Command\TestShell.php:258
C:\wamp\www\agileleagues\lib\Cake\Console\Shell.php:434
C:\wamp\www\agileleagues\lib\Cake\Console\ShellDispatcher.php:207
C:\wamp\www\agileleagues\lib\Cake\Console\ShellDispatcher.php:66
</failure>
        </testcase>
        <testcase name="testBadges" class="DashboardsControllerTest" file="C:\wamp\www\agileleagues\app\Test\Case\Controller\DashboardsControllerTest.php" line="58" assertions="1" time="1.194307">
          <failure type="PHPUnit_Framework_ExpectationFailedException">DashboardsControllerTest::testBadges
Failed asserting that 3 matches expected 1.

C:\wamp\www\agileleagues\app\Lib\ControllerTestCaseUtils.php:33
C:\wamp\www\agileleagues\app\Test\Case\Controller\DashboardsControllerTest.php:19
C:\wamp\www\agileleagues\lib\Cake\TestSuite\CakeTestCase.php:82
C:\wamp\www\agileleagues\lib\Cake\TestSuite\CakeTestRunner.php:60
C:\wamp\www\agileleagues\lib\Cake\TestSuite\CakeTestSuiteCommand.php:95
C:\wamp\www\agileleagues\lib\Cake\Console\Command\TestShell.php:273
C:\wamp\www\agileleagues\lib\Cake\Console\Command\TestShell.php:258
C:\wamp\www\agileleagues\lib\Cake\Console\Shell.php:434
C:\wamp\www\agileleagues\lib\Cake\Console\ShellDispatcher.php:207
C:\wamp\www\agileleagues\lib\Cake\Console\ShellDispatcher.php:66
</failure>
        </testcase>
        <testcase name="testLeaderboards" class="DashboardsControllerTest" file="C:\wamp\www\agileleagues\app\Test\Case\Controller\DashboardsControllerTest.php" line="62" assertions="1" time="0.841570">
          <failure type="PHPUnit_Framework_ExpectationFailedException">DashboardsControllerTest::testLeaderboards
Failed asserting that 3 matches expected 1.

C:\wamp\www\agileleagues\app\Lib\ControllerTestCaseUtils.php:33
C:\wamp\www\agileleagues\app\Test\Case\Controller\DashboardsControllerTest.php:19
C:\wamp\www\agileleagues\lib\Cake\TestSuite\CakeTestCase.php:82
C:\wamp\www\agileleagues\lib\Cake\TestSuite\CakeTestRunner.php:60
C:\wamp\www\agileleagues\lib\Cake\TestSuite\CakeTestSuiteCommand.php:95
C:\wamp\www\agileleagues\lib\Cake\Console\Command\TestShell.php:273
C:\wamp\www\agileleagues\lib\Cake\Console\Command\TestShell.php:258
C:\wamp\www\agileleagues\lib\Cake\Console\Shell.php:434
C:\wamp\www\agileleagues\lib\Cake\Console\ShellDispatcher.php:207
C:\wamp\www\agileleagues\lib\Cake\Console\ShellDispatcher.php:66
</failure>
        </testcase>
        <testcase name="testPlayers" class="DashboardsControllerTest" file="C:\wamp\www\agileleagues\app\Test\Case\Controller\DashboardsControllerTest.php" line="66" assertions="1" time="0.964188">
          <failure type="PHPUnit_Framework_ExpectationFailedException">DashboardsControllerTest::testPlayers
Failed asserting that 3 matches expected 1.

C:\wamp\www\agileleagues\app\Lib\ControllerTestCaseUtils.php:33
C:\wamp\www\agileleagues\app\Test\Case\Controller\DashboardsControllerTest.php:19
C:\wamp\www\agileleagues\lib\Cake\TestSuite\CakeTestCase.php:82
C:\wamp\www\agileleagues\lib\Cake\TestSuite\CakeTestRunner.php:60
C:\wamp\www\agileleagues\lib\Cake\TestSuite\CakeTestSuiteCommand.php:95
C:\wamp\www\agileleagues\lib\Cake\Console\Command\TestShell.php:273
C:\wamp\www\agileleagues\lib\Cake\Console\Command\TestShell.php:258
C:\wamp\www\agileleagues\lib\Cake\Console\Shell.php:434
C:\wamp\www\agileleagues\lib\Cake\Console\ShellDispatcher.php:207
C:\wamp\www\agileleagues\lib\Cake\Console\ShellDispatcher.php:66
</failure>
        </testcase>
      </testsuite>
      <testsuite name="DomainsControllerTest" file="C:\wamp\www\agileleagues\app\Test\Case\Controller\DomainsControllerTest.php" tests="1" assertions="1" failures="1" errors="0" time="0.467086">
        <testcase name="testIndex" class="DomainsControllerTest" file="C:\wamp\www\agileleagues\app\Test\Case\Controller\DomainsControllerTest.php" line="18" assertions="1" time="0.467086">
          <failure type="PHPUnit_Framework_ExpectationFailedException">DomainsControllerTest::testIndex
Failed asserting that 3 matches expected 1.

C:\wamp\www\agileleagues\app\Lib\ControllerTestCaseUtils.php:33
C:\wamp\www\agileleagues\app\Test\Case\Controller\DomainsControllerTest.php:15
C:\wamp\www\agileleagues\lib\Cake\TestSuite\CakeTestCase.php:82
C:\wamp\www\agileleagues\lib\Cake\TestSuite\CakeTestRunner.php:60
C:\wamp\www\agileleagues\lib\Cake\TestSuite\CakeTestSuiteCommand.php:95
C:\wamp\www\agileleagues\lib\Cake\Console\Command\TestShell.php:273
C:\wamp\www\agileleagues\lib\Cake\Console\Command\TestShell.php:258
C:\wamp\www\agileleagues\lib\Cake\Console\Shell.php:434
C:\wamp\www\agileleagues\lib\Cake\Console\ShellDispatcher.php:207
C:\wamp\www\agileleagues\lib\Cake\Console\ShellDispatcher.php:66
</failure>
        </testcase>
      </testsuite>
      <testsuite name="EventsControllerTest" file="C:\wamp\www\agileleagues\app\Test\Case\Controller\EventsControllerTest.php" tests="26" assertions="75" failures="9" errors="4" time="30.620074">
        <testcase name="testNotReviewed" class="EventsControllerTest" file="C:\wamp\www\agileleagues\app\Test\Case\Controller\EventsControllerTest.php" line="21" assertions="2" time="1.706069">
          <error type="PHPUnit_Framework_Error_Notice">EventsControllerTest::testNotReviewed
Undefined variable: log

C:\wamp\www\agileleagues\app\View\Events\not_reviewed.ctp:17
C:\wamp\www\agileleagues\lib\Cake\View\View.php:929
C:\wamp\www\agileleagues\lib\Cake\View\View.php:891
C:\wamp\www\agileleagues\lib\Cake\View\View.php:460
C:\wamp\www\agileleagues\lib\Cake\Controller\Controller.php:952
C:\wamp\www\agileleagues\lib\Cake\Routing\Dispatcher.php:192
C:\wamp\www\agileleagues\lib\Cake\Routing\Dispatcher.php:160
C:\wamp\www\agileleagues\lib\Cake\TestSuite\ControllerTestCase.php:270
C:\wamp\www\agileleagues\lib\Cake\TestSuite\ControllerTestCase.php:188
C:\wamp\www\agileleagues\app\Test\Case\Controller\EventsControllerTest.php:24
C:\wamp\www\agileleagues\app\Test\Case\Controller\EventsControllerTest.php:24
C:\wamp\www\agileleagues\lib\Cake\TestSuite\CakeTestCase.php:82
C:\wamp\www\agileleagues\lib\Cake\TestSuite\CakeTestRunner.php:60
C:\wamp\www\agileleagues\lib\Cake\TestSuite\CakeTestSuiteCommand.php:95
C:\wamp\www\agileleagues\lib\Cake\Console\Command\TestShell.php:273
C:\wamp\www\agileleagues\lib\Cake\Console\Command\TestShell.php:258
C:\wamp\www\agileleagues\lib\Cake\Console\Shell.php:434
C:\wamp\www\agileleagues\lib\Cake\Console\ShellDispatcher.php:207
C:\wamp\www\agileleagues\lib\Cake\Console\ShellDispatcher.php:66
</error>
        </testcase>
        <testcase name="testDeleteTaskError" class="EventsControllerTest" file="C:\wamp\www\agileleagues\app\Test\Case\Controller\EventsControllerTest.php" line="28" assertions="1" time="0.900619">
          <failure type="PHPUnit_Framework_ExpectationFailedException">EventsControllerTest::testDeleteTaskError
Failed asserting that 3 matches expected 2.

C:\wamp\www\agileleagues\app\Lib\ControllerTestCaseUtils.php:33
C:\wamp\www\agileleagues\app\Test\Case\Controller\EventsControllerTest.php:29
C:\wamp\www\agileleagues\lib\Cake\TestSuite\CakeTestCase.php:82
C:\wamp\www\agileleagues\lib\Cake\TestSuite\CakeTestRunner.php:60
C:\wamp\www\agileleagues\lib\Cake\TestSuite\CakeTestSuiteCommand.php:95
C:\wamp\www\agileleagues\lib\Cake\Console\Command\TestShell.php:273
C:\wamp\www\agileleagues\lib\Cake\Console\Command\TestShell.php:258
C:\wamp\www\agileleagues\lib\Cake\Console\Shell.php:434
C:\wamp\www\agileleagues\lib\Cake\Console\ShellDispatcher.php:207
C:\wamp\www\agileleagues\lib\Cake\Console\ShellDispatcher.php:66
</failure>
        </testcase>
        <testcase name="testReviewTaskError" class="EventsControllerTest" file="C:\wamp\www\agileleagues\app\Test\Case\Controller\EventsControllerTest.php" line="34" assertions="1" time="0.821338">
          <failure type="PHPUnit_Framework_ExpectationFailedException">EventsControllerTest::testReviewTaskError
Failed asserting that 3 matches expected 2.

C:\wamp\www\agileleagues\app\Lib\ControllerTestCaseUtils.php:33
C:\wamp\www\agileleagues\app\Test\Case\Controller\EventsControllerTest.php:35
C:\wamp\www\agileleagues\lib\Cake\TestSuite\CakeTestCase.php:82
C:\wamp\www\agileleagues\lib\Cake\TestSuite\CakeTestRunner.php:60
C:\wamp\www\agileleagues\lib\Cake\TestSuite\CakeTestSuiteCommand.php:95
C:\wamp\www\agileleagues\lib\Cake\Console\Command\TestShell.php:273
C:\wamp\www\agileleagues\lib\Cake\Console\Command\TestShell.php:258
C:\wamp\www\agileleagues\lib\Cake\Console\Shell.php:434
C:\wamp\www\agileleagues\lib\Cake\Console\ShellDispatcher.php:207
C:\wamp\www\agileleagues\lib\Cake\Console\ShellDispatcher.php:66
</failure>
        </testcase>
        <testcase name="testReviewTask" class="EventsControllerTest" file="C:\wamp\www\agileleagues\app\Test\Case\Controller\EventsControllerTest.php" line="40" assertions="1" time="1.185755">
          <failure type="PHPUnit_Framework_ExpectationFailedException">EventsControllerTest::testReviewTask
Failed asserting that 3 matches expected 2.

C:\wamp\www\agileleagues\app\Lib\ControllerTestCaseUtils.php:33
C:\wamp\www\agileleagues\app\Test\Case\Controller\EventsControllerTest.php:42
C:\wamp\www\agileleagues\lib\Cake\TestSuite\CakeTestCase.php:82
C:\wamp\www\agileleagues\lib\Cake\TestSuite\CakeTestRunner.php:60
C:\wamp\www\agileleagues\lib\Cake\TestSuite\CakeTestSuiteCommand.php:95
C:\wamp\www\agileleagues\lib\Cake\Console\Command\TestShell.php:273
C:\wamp\www\agileleagues\lib\Cake\Console\Command\TestShell.php:258
C:\wamp\www\agileleagues\lib\Cake\Console\Shell.php:434
C:\wamp\www\agileleagues\lib\Cake\Console\ShellDispatcher.php:207
C:\wamp\www\agileleagues\lib\Cake\Console\ShellDispatcher.php:66
</failure>
        </testcase>
        <testcase name="testDeleteTask" class="EventsControllerTest" file="C:\wamp\www\agileleagues\app\Test\Case\Controller\EventsControllerTest.php" line="49" assertions="1" time="1.075448">
          <failure type="PHPUnit_Framework_ExpectationFailedException">EventsControllerTest::testDeleteTask
Failed asserting that 3 matches expected 2.

C:\wamp\www\agileleagues\app\Lib\ControllerTestCaseUtils.php:33
C:\wamp\www\agileleagues\app\Test\Case\Controller\EventsControllerTest.php:51
C:\wamp\www\agileleagues\lib\Cake\TestSuite\CakeTestCase.php:82
C:\wamp\www\agileleagues\lib\Cake\TestSuite\CakeTestRunner.php:60
C:\wamp\www\agileleagues\lib\Cake\TestSuite\CakeTestSuiteCommand.php:95
C:\wamp\www\agileleagues\lib\Cake\Console\Command\TestShell.php:273
C:\wamp\www\agileleagues\lib\Cake\Console\Command\TestShell.php:258
C:\wamp\www\agileleagues\lib\Cake\Console\Shell.php:434
C:\wamp\www\agileleagues\lib\Cake\Console\ShellDispatcher.php:207
C:\wamp\www\agileleagues\lib\Cake\Console\ShellDispatcher.php:66
</failure>
        </testcase>
        <testcase name="testPending" class="EventsControllerTest" file="C:\wamp\www\agileleagues\app\Test\Case\Controller\EventsControllerTest.php" line="57" assertions="1" time="1.247145">
          <failure type="PHPUnit_Framework_ExpectationFailedException">EventsControllerTest::testPending
Failed asserting that 3 matches expected 2.

C:\wamp\www\agileleagues\app\Lib\ControllerTestCaseUtils.php:33
C:\wamp\www\agileleagues\app\Test\Case\Controller\EventsControllerTest.php:59
C:\wamp\www\agileleagues\lib\Cake\TestSuite\CakeTestCase.php:82
C:\wamp\www\agileleagues\lib\Cake\TestSuite\CakeTestRunner.php:60
C:\wamp\www\agileleagues\lib\Cake\TestSuite\CakeTestSuiteCommand.php:95
C:\wamp\www\agileleagues\lib\Cake\Console\Command\TestShell.php:273
C:\wamp\www\agileleagues\lib\Cake\Console\Command\TestShell.php:258
C:\wamp\www\agileleagues\lib\Cake\Console\Shell.php:434
C:\wamp\www\agileleagues\lib\Cake\Console\ShellDispatcher.php:207
C:\wamp\www\agileleagues\lib\Cake\Console\ShellDispatcher.php:66
</failure>
        </testcase>
        <testcase name="testReportGet" class="EventsControllerTest" file="C:\wamp\www\agileleagues\app\Test\Case\Controller\EventsControllerTest.php" line="64" assertions="1" time="1.247863">
          <failure type="PHPUnit_Framework_ExpectationFailedException">EventsControllerTest::testReportGet
Failed asserting that 3 matches expected 1.

C:\wamp\www\agileleagues\app\Lib\ControllerTestCaseUtils.php:33
C:\wamp\www\agileleagues\app\Test\Case\Controller\EventsControllerTest.php:65
C:\wamp\www\agileleagues\lib\Cake\TestSuite\CakeTestCase.php:82
C:\wamp\www\agileleagues\lib\Cake\TestSuite\CakeTestRunner.php:60
C:\wamp\www\agileleagues\lib\Cake\TestSuite\CakeTestSuiteCommand.php:95
C:\wamp\www\agileleagues\lib\Cake\Console\Command\TestShell.php:273
C:\wamp\www\agileleagues\lib\Cake\Console\Command\TestShell.php:258
C:\wamp\www\agileleagues\lib\Cake\Console\Shell.php:434
C:\wamp\www\agileleagues\lib\Cake\Console\ShellDispatcher.php:207
C:\wamp\www\agileleagues\lib\Cake\Console\ShellDispatcher.php:66
</failure>
        </testcase>
        <testcase name="testReportPostSuccess" class="EventsControllerTest" file="C:\wamp\www\agileleagues\app\Test\Case\Controller\EventsControllerTest.php" line="71" assertions="1" time="0.945642">
          <failure type="PHPUnit_Framework_ExpectationFailedException">EventsControllerTest::testReportPostSuccess
Failed asserting that 3 matches expected 2.

C:\wamp\www\agileleagues\app\Lib\ControllerTestCaseUtils.php:33
C:\wamp\www\agileleagues\app\Test\Case\Controller\EventsControllerTest.php:74
C:\wamp\www\agileleagues\lib\Cake\TestSuite\CakeTestCase.php:82
C:\wamp\www\agileleagues\lib\Cake\TestSuite\CakeTestRunner.php:60
C:\wamp\www\agileleagues\lib\Cake\TestSuite\CakeTestSuiteCommand.php:95
C:\wamp\www\agileleagues\lib\Cake\Console\Command\TestShell.php:273
C:\wamp\www\agileleagues\lib\Cake\Console\Command\TestShell.php:258
C:\wamp\www\agileleagues\lib\Cake\Console\Shell.php:434
C:\wamp\www\agileleagues\lib\Cake\Console\ShellDispatcher.php:207
C:\wamp\www\agileleagues\lib\Cake\Console\ShellDispatcher.php:66
</failure>
        </testcase>
        <testcase name="testReportPostNotJoined" class="EventsControllerTest" file="C:\wamp\www\agileleagues\app\Test\Case\Controller\EventsControllerTest.php" line="90" assertions="1" time="0.929244">
          <failure type="PHPUnit_Framework_ExpectationFailedException">EventsControllerTest::testReportPostNotJoined
Failed asserting that 3 matches expected 1.

C:\wamp\www\agileleagues\app\Lib\ControllerTestCaseUtils.php:33
C:\wamp\www\agileleagues\app\Test\Case\Controller\EventsControllerTest.php:93
C:\wamp\www\agileleagues\lib\Cake\TestSuite\CakeTestCase.php:82
C:\wamp\www\agileleagues\lib\Cake\TestSuite\CakeTestRunner.php:60
C:\wamp\www\agileleagues\lib\Cake\TestSuite\CakeTestSuiteCommand.php:95
C:\wamp\www\agileleagues\lib\Cake\Console\Command\TestShell.php:273
C:\wamp\www\agileleagues\lib\Cake\Console\Command\TestShell.php:258
C:\wamp\www\agileleagues\lib\Cake\Console\Shell.php:434
C:\wamp\www\agileleagues\lib\Cake\Console\ShellDispatcher.php:207
C:\wamp\www\agileleagues\lib\Cake\Console\ShellDispatcher.php:66
</failure>
        </testcase>
        <testcase name="testCreateNotScrumMaster" class="EventsControllerTest" file="C:\wamp\www\agileleagues\app\Test\Case\Controller\EventsControllerTest.php" line="108" assertions="1" time="0.887494">
          <failure type="PHPUnit_Framework_ExpectationFailedException">EventsControllerTest::testCreateNotScrumMaster
Failed asserting that 3 matches expected 1.

C:\wamp\www\agileleagues\app\Lib\ControllerTestCaseUtils.php:33
C:\wamp\www\agileleagues\app\Test\Case\Controller\EventsControllerTest.php:109
C:\wamp\www\agileleagues\lib\Cake\TestSuite\CakeTestCase.php:82
C:\wamp\www\agileleagues\lib\Cake\TestSuite\CakeTestRunner.php:60
C:\wamp\www\agileleagues\lib\Cake\TestSuite\CakeTestSuiteCommand.php:95
C:\wamp\www\agileleagues\lib\Cake\Console\Command\TestShell.php:273
C:\wamp\www\agileleagues\lib\Cake\Console\Command\TestShell.php:258
C:\wamp\www\agileleagues\lib\Cake\Console\Shell.php:434
C:\wamp\www\agileleagues\lib\Cake\Console\ShellDispatcher.php:207
C:\wamp\www\agileleagues\lib\Cake\Console\ShellDispatcher.php:66
</failure>
        </testcase>
        <testcase name="testCreateGet" class="EventsControllerTest" file="C:\wamp\www\agileleagues\app\Test\Case\Controller\EventsControllerTest.php" line="113" assertions="2" time="1.670529">
          <error type="PHPUnit_Framework_Error_Notice">EventsControllerTest::testCreateGet
Undefined variable: i

C:\wamp\www\agileleagues\app\View\Events\create.ctp:37
C:\wamp\www\agileleagues\lib\Cake\View\View.php:929
C:\wamp\www\agileleagues\lib\Cake\View\View.php:891
C:\wamp\www\agileleagues\lib\Cake\View\View.php:460
C:\wamp\www\agileleagues\lib\Cake\Controller\Controller.php:952
C:\wamp\www\agileleagues\lib\Cake\Routing\Dispatcher.php:192
C:\wamp\www\agileleagues\lib\Cake\Routing\Dispatcher.php:160
C:\wamp\www\agileleagues\lib\Cake\TestSuite\ControllerTestCase.php:270
C:\wamp\www\agileleagues\lib\Cake\TestSuite\ControllerTestCase.php:188
C:\wamp\www\agileleagues\app\Test\Case\Controller\EventsControllerTest.php:115
C:\wamp\www\agileleagues\app\Test\Case\Controller\EventsControllerTest.php:115
C:\wamp\www\agileleagues\lib\Cake\TestSuite\CakeTestCase.php:82
C:\wamp\www\agileleagues\lib\Cake\TestSuite\CakeTestRunner.php:60
C:\wamp\www\agileleagues\lib\Cake\TestSuite\CakeTestSuiteCommand.php:95
C:\wamp\www\agileleagues\lib\Cake\Console\Command\TestShell.php:273
C:\wamp\www\agileleagues\lib\Cake\Console\Command\TestShell.php:258
C:\wamp\www\agileleagues\lib\Cake\Console\Shell.php:434
C:\wamp\www\agileleagues\lib\Cake\Console\ShellDispatcher.php:207
C:\wamp\www\agileleagues\lib\Cake\Console\ShellDispatcher.php:66
</error>
        </testcase>
        <testcase name="testCreatePost" class="EventsControllerTest" file="C:\wamp\www\agileleagues\app\Test\Case\Controller\EventsControllerTest.php" line="119" assertions="6" time="1.325372"/>
        <testcase name="testCreatePostError" class="EventsControllerTest" file="C:\wamp\www\agileleagues\app\Test\Case\Controller\EventsControllerTest.php" line="180" assertions="5" time="1.900655"/>
        <testcase name="testEditNotScrumMaster" class="EventsControllerTest" file="C:\wamp\www\agileleagues\app\Test\Case\Controller\EventsControllerTest.php" line="195" assertions="3" time="1.062400"/>
        <testcase name="testEditGet" class="EventsControllerTest" file="C:\wamp\www\agileleagues\app\Test\Case\Controller\EventsControllerTest.php" line="202" assertions="4" time="0.986634"/>
        <testcase name="testEditGetNotFound" class="EventsControllerTest" file="C:\wamp\www\agileleagues\app\Test\Case\Controller\EventsControllerTest.php" line="210" assertions="4" time="0.905924"/>
        <testcase name="testEditPost" class="EventsControllerTest" file="C:\wamp\www\agileleagues\app\Test\Case\Controller\EventsControllerTest.php" line="216" assertions="6" time="1.175948"/>
        <testcase name="testIndex" class="EventsControllerTest" file="C:\wamp\www\agileleagues\app\Test\Case\Controller\EventsControllerTest.php" line="280" assertions="2" time="1.310927">
          <error type="PHPUnit_Framework_Error_Notice">EventsControllerTest::testIndex
Undefined variable: event

C:\wamp\www\agileleagues\app\View\Events\index.ctp:31
C:\wamp\www\agileleagues\lib\Cake\View\View.php:929
C:\wamp\www\agileleagues\lib\Cake\View\View.php:891
C:\wamp\www\agileleagues\lib\Cake\View\View.php:460
C:\wamp\www\agileleagues\lib\Cake\Controller\Controller.php:952
C:\wamp\www\agileleagues\lib\Cake\Routing\Dispatcher.php:192
C:\wamp\www\agileleagues\lib\Cake\Routing\Dispatcher.php:160
C:\wamp\www\agileleagues\lib\Cake\TestSuite\ControllerTestCase.php:270
C:\wamp\www\agileleagues\lib\Cake\TestSuite\ControllerTestCase.php:188
C:\wamp\www\agileleagues\app\Test\Case\Controller\EventsControllerTest.php:282
C:\wamp\www\agileleagues\app\Test\Case\Controller\EventsControllerTest.php:282
C:\wamp\www\agileleagues\lib\Cake\TestSuite\CakeTestCase.php:82
C:\wamp\www\agileleagues\lib\Cake\TestSuite\CakeTestRunner.php:60
C:\wamp\www\agileleagues\lib\Cake\TestSuite\CakeTestSuiteCommand.php:95
C:\wamp\www\agileleagues\lib\Cake\Console\Command\TestShell.php:273
C:\wamp\www\agileleagues\lib\Cake\Console\Command\TestShell.php:258
C:\wamp\www\agileleagues\lib\Cake\Console\Shell.php:434
C:\wamp\www\agileleagues\lib\Cake\Console\ShellDispatcher.php:207
C:\wamp\www\agileleagues\lib\Cake\Console\ShellDispatcher.php:66
</error>
        </testcase>
        <testcase name="testDetails" class="EventsControllerTest" file="C:\wamp\www\agileleagues\app\Test\Case\Controller\EventsControllerTest.php" line="291" assertions="2" time="0.984830">
          <error type="PHPUnit_Framework_Error_Notice">EventsControllerTest::testDetails
Undefined variable: task

C:\wamp\www\agileleagues\app\View\Events\details.ctp:49
C:\wamp\www\agileleagues\lib\Cake\View\View.php:929
C:\wamp\www\agileleagues\lib\Cake\View\View.php:891
C:\wamp\www\agileleagues\lib\Cake\View\View.php:460
C:\wamp\www\agileleagues\lib\Cake\Controller\Controller.php:952
C:\wamp\www\agileleagues\lib\Cake\Routing\Dispatcher.php:192
C:\wamp\www\agileleagues\lib\Cake\Routing\Dispatcher.php:160
C:\wamp\www\agileleagues\lib\Cake\TestSuite\ControllerTestCase.php:270
C:\wamp\www\agileleagues\lib\Cake\TestSuite\ControllerTestCase.php:188
C:\wamp\www\agileleagues\app\Test\Case\Controller\EventsControllerTest.php:295
C:\wamp\www\agileleagues\app\Test\Case\Controller\EventsControllerTest.php:295
C:\wamp\www\agileleagues\lib\Cake\TestSuite\CakeTestCase.php:82
C:\wamp\www\agileleagues\lib\Cake\TestSuite\CakeTestRunner.php:60
C:\wamp\www\agileleagues\lib\Cake\TestSuite\CakeTestSuiteCommand.php:95
C:\wamp\www\agileleagues\lib\Cake\Console\Command\TestShell.php:273
C:\wamp\www\agileleagues\lib\Cake\Console\Command\TestShell.php:258
C:\wamp\www\agileleagues\lib\Cake\Console\Shell.php:434
C:\wamp\www\agileleagues\lib\Cake\Console\ShellDispatcher.php:207
C:\wamp\www\agileleagues\lib\Cake\Console\ShellDispatcher.php:66
</error>
        </testcase>
        <testcase name="testDetailsNotFound" class="EventsControllerTest" file="C:\wamp\www\agileleagues\app\Test\Case\Controller\EventsControllerTest.php" line="299" assertions="4" time="1.051705"/>
        <testcase name="testJoinInvalidEvent" class="EventsControllerTest" file="C:\wamp\www\agileleagues\app\Test\Case\Controller\EventsControllerTest.php" line="305" assertions="4" time="0.927538"/>
        <testcase name="testJoinMissionFailuredLowLevel" class="EventsControllerTest" file="C:\wamp\www\agileleagues\app\Test\Case\Controller\EventsControllerTest.php" line="311" assertions="5" time="0.967477"/>
        <testcase name="testJoinChallengeFailuredLowLevel" class="EventsControllerTest" file="C:\wamp\www\agileleagues\app\Test\Case\Controller\EventsControllerTest.php" line="321" assertions="5" time="1.176845"/>
        <testcase name="testJoinMissionSuccess" class="EventsControllerTest" file="C:\wamp\www\agileleagues\app\Test\Case\Controller\EventsControllerTest.php" line="331" assertions="4" time="1.620490"/>
        <testcase name="testJoinChallengeSuccess" class="EventsControllerTest" file="C:\wamp\www\agileleagues\app\Test\Case\Controller\EventsControllerTest.php" line="342" assertions="4" time="1.522141"/>
        <testcase name="testJoinTwice" class="EventsControllerTest" file="C:\wamp\www\agileleagues\app\Test\Case\Controller\EventsControllerTest.php" line="353" assertions="4" time="1.084042"/>
      </testsuite>
      <testsuite name="LogsControllerTest" file="C:\wamp\www\agileleagues\app\Test\Case\Controller\LogsControllerTest.php" tests="4" assertions="15" failures="0" errors="0" time="4.003743">
        <testcase name="testDelete" class="LogsControllerTest" file="C:\wamp\www\agileleagues\app\Test\Case\Controller\LogsControllerTest.php" line="20" assertions="4" time="1.141476"/>
        <testcase name="testDeleteInvalid" class="LogsControllerTest" file="C:\wamp\www\agileleagues\app\Test\Case\Controller\LogsControllerTest.php" line="26" assertions="3" time="0.781947"/>
        <testcase name="testReview" class="LogsControllerTest" file="C:\wamp\www\agileleagues\app\Test\Case\Controller\LogsControllerTest.php" line="30" assertions="4" time="1.199350"/>
        <testcase name="testReviewError" class="LogsControllerTest" file="C:\wamp\www\agileleagues\app\Test\Case\Controller\LogsControllerTest.php" line="38" assertions="4" time="0.880970"/>
      </testsuite>
      <testsuite name="PlayersControllerTest" file="C:\wamp\www\agileleagues\app\Test\Case\Controller\PlayersControllerTest.php" tests="9" assertions="16" failures="0" errors="4" time="3.736431">
        <testcase name="testIndex" class="PlayersControllerTest" file="C:\wamp\www\agileleagues\app\Test\Case\Controller\PlayersControllerTest.php" line="17" assertions="2" time="0.642727">
          <error type="PHPUnit_Framework_Error_Notice">PlayersControllerTest::testIndex
Undefined variable: player

C:\wamp\www\agileleagues\app\View\Players\index.ctp:23
C:\wamp\www\agileleagues\lib\Cake\View\View.php:929
C:\wamp\www\agileleagues\lib\Cake\View\View.php:891
C:\wamp\www\agileleagues\lib\Cake\View\View.php:460
C:\wamp\www\agileleagues\lib\Cake\Controller\Controller.php:952
C:\wamp\www\agileleagues\lib\Cake\Routing\Dispatcher.php:192
C:\wamp\www\agileleagues\lib\Cake\Routing\Dispatcher.php:160
C:\wamp\www\agileleagues\lib\Cake\TestSuite\ControllerTestCase.php:270
C:\wamp\www\agileleagues\lib\Cake\TestSuite\ControllerTestCase.php:188
C:\wamp\www\agileleagues\app\Test\Case\Controller\PlayersControllerTest.php:20
C:\wamp\www\agileleagues\app\Test\Case\Controller\PlayersControllerTest.php:20
C:\wamp\www\agileleagues\lib\Cake\TestSuite\CakeTestCase.php:82
C:\wamp\www\agileleagues\lib\Cake\TestSuite\CakeTestRunner.php:60
C:\wamp\www\agileleagues\lib\Cake\TestSuite\CakeTestSuiteCommand.php:95
C:\wamp\www\agileleagues\lib\Cake\Console\Command\TestShell.php:273
C:\wamp\www\agileleagues\lib\Cake\Console\Command\TestShell.php:258
C:\wamp\www\agileleagues\lib\Cake\Console\Shell.php:434
C:\wamp\www\agileleagues\lib\Cake\Console\ShellDispatcher.php:207
C:\wamp\www\agileleagues\lib\Cake\Console\ShellDispatcher.php:66
</error>
        </testcase>
        <testcase name="testLoginAlreadyLoggedIn" class="PlayersControllerTest" file="C:\wamp\www\agileleagues\app\Test\Case\Controller\PlayersControllerTest.php" line="41" assertions="3" time="0.421390"/>
        <testcase name="testLoginGet" class="PlayersControllerTest" file="C:\wamp\www\agileleagues\app\Test\Case\Controller\PlayersControllerTest.php" line="46" assertions="0" time="0.295434"/>
        <testcase name="testLoginPostWrongUser" class="PlayersControllerTest" file="C:\wamp\www\agileleagues\app\Test\Case\Controller\PlayersControllerTest.php" line="50" assertions="1" time="0.314738"/>
        <testcase name="testLoginRightUser" class="PlayersControllerTest" file="C:\wamp\www\agileleagues\app\Test\Case\Controller\PlayersControllerTest.php" line="56" assertions="1" time="0.330519"/>
        <testcase name="testMyAccountGet" class="PlayersControllerTest" file="C:\wamp\www\agileleagues\app\Test\Case\Controller\PlayersControllerTest.php" line="67" assertions="2" time="0.431492">
          <error type="PHPUnit_Framework_Error_Notice">PlayersControllerTest::testMyAccountGet
Undefined variable: domain

C:\wamp\www\agileleagues\app\View\Elements\main_menu.ctp:107
C:\wamp\www\agileleagues\lib\Cake\View\View.php:929
C:\wamp\www\agileleagues\lib\Cake\View\View.php:891
C:\wamp\www\agileleagues\lib\Cake\View\View.php:1189
C:\wamp\www\agileleagues\lib\Cake\View\View.php:406
C:\wamp\www\agileleagues\app\View\Layouts\default.ctp:53
C:\wamp\www\agileleagues\lib\Cake\View\View.php:929
C:\wamp\www\agileleagues\lib\Cake\View\View.php:891
C:\wamp\www\agileleagues\lib\Cake\View\View.php:523
C:\wamp\www\agileleagues\lib\Cake\View\View.php:468
C:\wamp\www\agileleagues\lib\Cake\Controller\Controller.php:952
C:\wamp\www\agileleagues\lib\Cake\Routing\Dispatcher.php:192
C:\wamp\www\agileleagues\lib\Cake\Routing\Dispatcher.php:160
C:\wamp\www\agileleagues\lib\Cake\TestSuite\ControllerTestCase.php:270
C:\wamp\www\agileleagues\lib\Cake\TestSuite\ControllerTestCase.php:188
C:\wamp\www\agileleagues\app\Test\Case\Controller\PlayersControllerTest.php:69
C:\wamp\www\agileleagues\app\Test\Case\Controller\PlayersControllerTest.php:69
C:\wamp\www\agileleagues\lib\Cake\TestSuite\CakeTestCase.php:82
C:\wamp\www\agileleagues\lib\Cake\TestSuite\CakeTestRunner.php:60
C:\wamp\www\agileleagues\lib\Cake\TestSuite\CakeTestSuiteCommand.php:95
C:\wamp\www\agileleagues\lib\Cake\Console\Command\TestShell.php:273
C:\wamp\www\agileleagues\lib\Cake\Console\Command\TestShell.php:258
C:\wamp\www\agileleagues\lib\Cake\Console\Shell.php:434
C:\wamp\www\agileleagues\lib\Cake\Console\ShellDispatcher.php:207
C:\wamp\www\agileleagues\lib\Cake\Console\ShellDispatcher.php:66
</error>
        </testcase>
        <testcase name="testMyAccountPostSuccess" class="PlayersControllerTest" file="C:\wamp\www\agileleagues\app\Test\Case\Controller\PlayersControllerTest.php" line="73" assertions="2" time="0.457630">
          <error type="PHPUnit_Framework_Error_Notice">PlayersControllerTest::testMyAccountPostSuccess
Undefined variable: domain

C:\wamp\www\agileleagues\app\View\Elements\main_menu.ctp:107
C:\wamp\www\agileleagues\lib\Cake\View\View.php:929
C:\wamp\www\agileleagues\lib\Cake\View\View.php:891
C:\wamp\www\agileleagues\lib\Cake\View\View.php:1189
C:\wamp\www\agileleagues\lib\Cake\View\View.php:406
C:\wamp\www\agileleagues\app\View\Layouts\default.ctp:53
C:\wamp\www\agileleagues\lib\Cake\View\View.php:929
C:\wamp\www\agileleagues\lib\Cake\View\View.php:891
C:\wamp\www\agileleagues\lib\Cake\View\View.php:523
C:\wamp\www\agileleagues\lib\Cake\View\View.php:468
C:\wamp\www\agileleagues\lib\Cake\Controller\Controller.php:952
C:\wamp\www\agileleagues\lib\Cake\Routing\Dispatcher.php:192
C:\wamp\www\agileleagues\lib\Cake\Routing\Dispatcher.php:160
C:\wamp\www\agileleagues\lib\Cake\TestSuite\ControllerTestCase.php:270
C:\wamp\www\agileleagues\lib\Cake\TestSuite\ControllerTestCase.php:188
C:\wamp\www\agileleagues\app\Test\Case\Controller\PlayersControllerTest.php:83
C:\wamp\www\agileleagues\app\Test\Case\Controller\PlayersControllerTest.php:83
C:\wamp\www\agileleagues\lib\Cake\TestSuite\CakeTestCase.php:82
C:\wamp\www\agileleagues\lib\Cake\TestSuite\CakeTestRunner.php:60
C:\wamp\www\agileleagues\lib\Cake\TestSuite\CakeTestSuiteCommand.php:95
C:\wamp\www\agileleagues\lib\Cake\Console\Command\TestShell.php:273
C:\wamp\www\agileleagues\lib\Cake\Console\Command\TestShell.php:258
C:\wamp\www\agileleagues\lib\Cake\Console\Shell.php:434
C:\wamp\www\agileleagues\lib\Cake\Console\ShellDispatcher.php:207
C:\wamp\www\agileleagues\lib\Cake\Console\ShellDispatcher.php:66
</error>
        </testcase>
        <testcase name="testMyAccountPostFailure" class="PlayersControllerTest" file="C:\wamp\www\agileleagues\app\Test\Case\Controller\PlayersControllerTest.php" line="88" assertions="2" time="0.390773">
          <error type="PHPUnit_Framework_Error_Notice">PlayersControllerTest::testMyAccountPostFailure
Undefined variable: domain

C:\wamp\www\agileleagues\app\View\Elements\main_menu.ctp:107
C:\wamp\www\agileleagues\lib\Cake\View\View.php:929
C:\wamp\www\agileleagues\lib\Cake\View\View.php:891
C:\wamp\www\agileleagues\lib\Cake\View\View.php:1189
C:\wamp\www\agileleagues\lib\Cake\View\View.php:406
C:\wamp\www\agileleagues\app\View\Layouts\default.ctp:53
C:\wamp\www\agileleagues\lib\Cake\View\View.php:929
C:\wamp\www\agileleagues\lib\Cake\View\View.php:891
C:\wamp\www\agileleagues\lib\Cake\View\View.php:523
C:\wamp\www\agileleagues\lib\Cake\View\View.php:468
C:\wamp\www\agileleagues\lib\Cake\Controller\Controller.php:952
C:\wamp\www\agileleagues\lib\Cake\Routing\Dispatcher.php:192
C:\wamp\www\agileleagues\lib\Cake\Routing\Dispatcher.php:160
C:\wamp\www\agileleagues\lib\Cake\TestSuite\ControllerTestCase.php:270
C:\wamp\www\agileleagues\lib\Cake\TestSuite\ControllerTestCase.php:188
C:\wamp\www\agileleagues\app\Test\Case\Controller\PlayersControllerTest.php:98
C:\wamp\www\agileleagues\app\Test\Case\Controller\PlayersControllerTest.php:98
C:\wamp\www\agileleagues\lib\Cake\TestSuite\CakeTestCase.php:82
C:\wamp\www\agileleagues\lib\Cake\TestSuite\CakeTestRunner.php:60
C:\wamp\www\agileleagues\lib\Cake\TestSuite\CakeTestSuiteCommand.php:95
C:\wamp\www\agileleagues\lib\Cake\Console\Command\TestShell.php:273
C:\wamp\www\agileleagues\lib\Cake\Console\Command\TestShell.php:258
C:\wamp\www\agileleagues\lib\Cake\Console\Shell.php:434
C:\wamp\www\agileleagues\lib\Cake\Console\ShellDispatcher.php:207
C:\wamp\www\agileleagues\lib\Cake\Console\ShellDispatcher.php:66
</error>
        </testcase>
        <testcase name="testLogout" class="PlayersControllerTest" file="C:\wamp\www\agileleagues\app\Test\Case\Controller\PlayersControllerTest.php" line="103" assertions="3" time="0.451728"/>
      </testsuite>
    </testsuite>
    <testsuite name="All helpers" tests="7" assertions="8" failures="0" errors="0" time="0.100114">
      <testsuite name="FormatHelperTest" file="C:\wamp\www\agileleagues\app\Test\Case\View\Helper\FormatHelperTest.php" tests="5" assertions="6" failures="0" errors="0" time="0.071513">
        <testcase name="testTrunc" class="FormatHelperTest" file="C:\wamp\www\agileleagues\app\Test\Case\View\Helper\FormatHelperTest.php" line="15" assertions="2" time="0.014974"/>
        <testcase name="testDate" class="FormatHelperTest" file="C:\wamp\www\agileleagues\app\Test\Case\View\Helper\FormatHelperTest.php" line="22" assertions="1" time="0.013998"/>
        <testcase name="testDateWithDateOnly" class="FormatHelperTest" file="C:\wamp\www\agileleagues\app\Test\Case\View\Helper\FormatHelperTest.php" line="27" assertions="1" time="0.013987"/>
        <testcase name="testDateWithSameYear" class="FormatHelperTest" file="C:\wamp\www\agileleagues\app\Test\Case\View\Helper\FormatHelperTest.php" line="32" assertions="1" time="0.014126"/>
        <testcase name="testTime" class="FormatHelperTest" file="C:\wamp\www\agileleagues\app\Test\Case\View\Helper\FormatHelperTest.php" line="37" assertions="1" time="0.014428"/>
      </testsuite>
      <testsuite name="GravatarHelperTest" file="C:\wamp\www\agileleagues\app\Test\Case\View\Helper\GravatarHelperTest.php" tests="2" assertions="2" failures="0" errors="0" time="0.028601">
        <testcase name="testGet" class="GravatarHelperTest" file="C:\wamp\www\agileleagues\app\Test\Case\View\Helper\GravatarHelperTest.php" line="17" assertions="1" time="0.014509"/>
        <testcase name="testGetImageTag" class="GravatarHelperTest" file="C:\wamp\www\agileleagues\app\Test\Case\View\Helper\GravatarHelperTest.php" line="23" assertions="1" time="0.014092"/>
      </testsuite>
    </testsuite>
    <testsuite name="All models" tests="104" assertions="203" failures="0" errors="0" time="97.712545">
      <testsuite name="ActivityRequisiteTest" file="C:\wamp\www\agileleagues\app\Test\Case\Model\ActivityRequisiteTest.php" tests="1" assertions="0" failures="0" errors="0" time="0.219741">
        <testcase name="test" class="ActivityRequisiteTest" file="C:\wamp\www\agileleagues\app\Test\Case\Model\ActivityRequisiteTest.php" line="13" assertions="0" time="0.219741"/>
      </testsuite>
      <testsuite name="ActivityTest" file="C:\wamp\www\agileleagues\app\Test\Case\Model\ActivityTest.php" tests="13" assertions="35" failures="0" errors="0" time="10.731481">
        <testcase name="testSimple" class="ActivityTest" file="C:\wamp\www\agileleagues\app\Test\Case\Model\ActivityTest.php" line="18" assertions="1" time="0.589628"/>
        <testcase name="testSimpleActive" class="ActivityTest" file="C:\wamp\www\agileleagues\app\Test\Case\Model\ActivityTest.php" line="23" assertions="1" time="0.798204"/>
        <testcase name="testAll" class="ActivityTest" file="C:\wamp\www\agileleagues\app\Test\Case\Model\ActivityTest.php" line="28" assertions="1" time="0.799750"/>
        <testcase name="testCount" class="ActivityTest" file="C:\wamp\www\agileleagues\app\Test\Case\Model\ActivityTest.php" line="33" assertions="1" time="0.750312"/>
        <testcase name="testLeaderboardsLastWeek" class="ActivityTest" file="C:\wamp\www\agileleagues\app\Test\Case\Model\ActivityTest.php" line="38" assertions="2" time="0.862209"/>
        <testcase name="testLeaderboardsLastMonth" class="ActivityTest" file="C:\wamp\www\agileleagues\app\Test\Case\Model\ActivityTest.php" line="47" assertions="2" time="0.757540"/>
        <testcase name="testLeaderboardsEver" class="ActivityTest" file="C:\wamp\www\agileleagues\app\Test\Case\Model\ActivityTest.php" line="56" assertions="2" time="1.438810"/>
        <testcase name="testLeaderboardsThisWeek" class="ActivityTest" file="C:\wamp\www\agileleagues\app\Test\Case\Model\ActivityTest.php" line="65" assertions="2" time="0.788216"/>
        <testcase name="testLeaderboardsThisMonth" class="ActivityTest" file="C:\wamp\www\agileleagues\app\Test\Case\Model\ActivityTest.php" line="74" assertions="2" time="0.816068"/>
        <testcase name="testSimpleFromDomain" class="ActivityTest" file="C:\wamp\www\agileleagues\app\Test\Case\Model\ActivityTest.php" line="83" assertions="17" time="0.786425"/>
        <testcase name="testNeverReported" class="ActivityTest" file="C:\wamp\www\agileleagues\app\Test\Case\Model\ActivityTest.php" line="92" assertions="2" time="0.756533"/>
        <testcase name="testLeastReported" class="ActivityTest" file="C:\wamp\www\agileleagues\app\Test\Case\Model\ActivityTest.php" line="98" assertions="1" time="0.836180"/>
        <testcase name="testMostReported" class="ActivityTest" file="C:\wamp\www\agileleagues\app\Test\Case\Model\ActivityTest.php" line="103" assertions="1" time="0.751607"/>
      </testsuite>
      <testsuite name="BadgeActivityProgressTest" file="C:\wamp\www\agileleagues\app\Test\Case\Model\BadgeActivityProgressTest.php" tests="2" assertions="0" failures="0" errors="0" time="3.109129">
        <testcase name="testAllFromPlayerByBadgeIdAndActivityId" class="BadgeActivityProgressTest" file="C:\wamp\www\agileleagues\app\Test\Case\Model\BadgeActivityProgressTest.php" line="19" assertions="0" time="1.407199"/>
        <testcase name="testAllFromBadgeAndPlayer" class="BadgeActivityProgressTest" file="C:\wamp\www\agileleagues\app\Test\Case\Model\BadgeActivityProgressTest.php" line="23" assertions="0" time="1.701930"/>
      </testsuite>
      <testsuite name="BadgeClaimedTest" file="C:\wamp\www\agileleagues\app\Test\Case\Model\BadgeClaimedTest.php" tests="1" assertions="1" failures="0" errors="0" time="0.715848">
        <testcase name="testAllFromPlayerByBadgeId" class="BadgeClaimedTest" file="C:\wamp\www\agileleagues\app\Test\Case\Model\BadgeClaimedTest.php" line="17" assertions="1" time="0.715848"/>
      </testsuite>
      <testsuite name="BadgeLogTest" file="C:\wamp\www\agileleagues\app\Test\Case\Model\BadgeLogTest.php" tests="2" assertions="4" failures="0" errors="0" time="1.418185">
        <testcase name="testPlayerCount" class="BadgeLogTest" file="C:\wamp\www\agileleagues\app\Test\Case\Model\BadgeLogTest.php" line="17" assertions="2" time="0.862476"/>
        <testcase name="testAllFromPlayerByBadgeId" class="BadgeLogTest" file="C:\wamp\www\agileleagues\app\Test\Case\Model\BadgeLogTest.php" line="24" assertions="2" time="0.555709"/>
      </testsuite>
      <testsuite name="BadgeRequisiteTest" file="C:\wamp\www\agileleagues\app\Test\Case\Model\BadgeRequisiteTest.php" tests="1" assertions="0" failures="0" errors="0" time="0.260976">
        <testcase name="test" class="BadgeRequisiteTest" file="C:\wamp\www\agileleagues\app\Test\Case\Model\BadgeRequisiteTest.php" line="13" assertions="0" time="0.260976"/>
      </testsuite>
      <testsuite name="BadgeTest" file="C:\wamp\www\agileleagues\app\Test\Case\Model\BadgeTest.php" tests="1" assertions="0" failures="0" errors="0" time="0.481438">
        <testcase name="test" class="BadgeTest" file="C:\wamp\www\agileleagues\app\Test\Case\Model\BadgeTest.php" line="17" assertions="0" time="0.481438"/>
      </testsuite>
      <testsuite name="DomainTest" file="C:\wamp\www\agileleagues\app\Test\Case\Model\DomainTest.php" tests="1" assertions="3" failures="0" errors="0" time="0.401531">
        <testcase name="testActivitiesCount" class="DomainTest" file="C:\wamp\www\agileleagues\app\Test\Case\Model\DomainTest.php" line="15" assertions="3" time="0.401531"/>
      </testsuite>
      <testsuite name="EventActivityTest" file="C:\wamp\www\agileleagues\app\Test\Case\Model\EventActivityTest.php" tests="1" assertions="0" failures="0" errors="0" time="0.175470">
        <testcase name="test" class="EventActivityTest" file="C:\wamp\www\agileleagues\app\Test\Case\Model\EventActivityTest.php" line="13" assertions="0" time="0.175470"/>
      </testsuite>
      <testsuite name="EventCompleteLogTest" file="C:\wamp\www\agileleagues\app\Test\Case\Model\EventCompleteLogTest.php" tests="2" assertions="2" failures="0" errors="0" time="2.019811">
        <testcase name="testLog" class="EventCompleteLogTest" file="C:\wamp\www\agileleagues\app\Test\Case\Model\EventCompleteLogTest.php" line="15" assertions="1" time="0.987221"/>
        <testcase name="testLogException" class="EventCompleteLogTest" file="C:\wamp\www\agileleagues\app\Test\Case\Model\EventCompleteLogTest.php" line="23" assertions="1" time="1.032590"/>
      </testsuite>
      <testsuite name="EventJoinLogTest" file="C:\wamp\www\agileleagues\app\Test\Case\Model\EventJoinLogTest.php" tests="2" assertions="1" failures="0" errors="0" time="1.882863">
        <testcase name="testJoin" class="EventJoinLogTest" file="C:\wamp\www\agileleagues\app\Test\Case\Model\EventJoinLogTest.php" line="15" assertions="1" time="0.955342"/>
        <testcase name="testJoinException" class="EventJoinLogTest" file="C:\wamp\www\agileleagues\app\Test\Case\Model\EventJoinLogTest.php" line="24" assertions="0" time="0.927521"/>
      </testsuite>
      <testsuite name="EventTaskLogTest" file="C:\wamp\www\agileleagues\app\Test\Case\Model\EventTaskLogTest.php" tests="10" assertions="15" failures="0" errors="0" time="9.275644">
        <testcase name="testEventAlreadyCompletedRule" class="EventTaskLogTest" file="C:\wamp\www\agileleagues\app\Test\Case\Model\EventTaskLogTest.php" line="18" assertions="1" time="0.957513"/>
        <testcase name="testJoinBeforeReportingRule" class="EventTaskLogTest" file="C:\wamp\www\agileleagues\app\Test\Case\Model\EventTaskLogTest.php" line="31" assertions="1" time="1.203018"/>
        <testcase name="testUniqueTaskPerPlayerRule" class="EventTaskLogTest" file="C:\wamp\www\agileleagues\app\Test\Case\Model\EventTaskLogTest.php" line="44" assertions="1" time="0.683974"/>
        <testcase name="testAllPendingFromPlayer" class="EventTaskLogTest" file="C:\wamp\www\agileleagues\app\Test\Case\Model\EventTaskLogTest.php" line="57" assertions="1" time="0.683155"/>
        <testcase name="testCountPendingFromPlayer" class="EventTaskLogTest" file="C:\wamp\www\agileleagues\app\Test\Case\Model\EventTaskLogTest.php" line="62" assertions="1" time="0.853722"/>
        <testcase name="testCountNotReviewed" class="EventTaskLogTest" file="C:\wamp\www\agileleagues\app\Test\Case\Model\EventTaskLogTest.php" line="67" assertions="1" time="0.616820"/>
        <testcase name="testAllNotReviewed" class="EventTaskLogTest" file="C:\wamp\www\agileleagues\app\Test\Case\Model\EventTaskLogTest.php" line="72" assertions="4" time="0.751518"/>
        <testcase name="testReviewWithoutId" class="EventTaskLogTest" file="C:\wamp\www\agileleagues\app\Test\Case\Model\EventTaskLogTest.php" line="80" assertions="2" time="1.274018"/>
        <testcase name="testReviewNotExists" class="EventTaskLogTest" file="C:\wamp\www\agileleagues\app\Test\Case\Model\EventTaskLogTest.php" line="88" assertions="1" time="1.057303"/>
        <testcase name="testReviewWithId" class="EventTaskLogTest" file="C:\wamp\www\agileleagues\app\Test\Case\Model\EventTaskLogTest.php" line="97" assertions="2" time="1.194603"/>
      </testsuite>
      <testsuite name="EventTaskTest" file="C:\wamp\www\agileleagues\app\Test\Case\Model\EventTaskTest.php" tests="1" assertions="0" failures="0" errors="0" time="0.415140">
        <testcase name="test" class="EventTaskTest" file="C:\wamp\www\agileleagues\app\Test\Case\Model\EventTaskTest.php" line="13" assertions="0" time="0.415140"/>
      </testsuite>
      <testsuite name="EventTest" file="C:\wamp\www\agileleagues\app\Test\Case\Model\EventTest.php" tests="9" assertions="22" failures="0" errors="0" time="12.548862">
        <testcase name="testCompleteCannotBeCompletedYet" class="EventTest" file="C:\wamp\www\agileleagues\app\Test\Case\Model\EventTest.php" line="19" assertions="1" time="1.158325"/>
        <testcase name="testCompleteAlreadyCompleted" class="EventTest" file="C:\wamp\www\agileleagues\app\Test\Case\Model\EventTest.php" line="31" assertions="1" time="2.255982"/>
        <testcase name="testComplete" class="EventTest" file="C:\wamp\www\agileleagues\app\Test\Case\Model\EventTest.php" line="45" assertions="1" time="2.671014"/>
        <testcase name="testPlayerProgress" class="EventTest" file="C:\wamp\www\agileleagues\app\Test\Case\Model\EventTest.php" line="55" assertions="1" time="1.919028"/>
        <testcase name="testPlayerProgressEventNotFound" class="EventTest" file="C:\wamp\www\agileleagues\app\Test\Case\Model\EventTest.php" line="63" assertions="1" time="0.857518"/>
        <testcase name="testSimpleActive" class="EventTest" file="C:\wamp\www\agileleagues\app\Test\Case\Model\EventTest.php" line="74" assertions="5" time="0.792796"/>
        <testcase name="testAllActive" class="EventTest" file="C:\wamp\www\agileleagues\app\Test\Case\Model\EventTest.php" line="83" assertions="4" time="0.919050"/>
        <testcase name="testAllPast" class="EventTest" file="C:\wamp\www\agileleagues\app\Test\Case\Model\EventTest.php" line="96" assertions="4" time="1.025529"/>
        <testcase name="testAllFuture" class="EventTest" file="C:\wamp\www\agileleagues\app\Test\Case\Model\EventTest.php" line="109" assertions="4" time="0.949620"/>
      </testsuite>
      <testsuite name="LastWeekLogTest" file="C:\wamp\www\agileleagues\app\Test\Case\Model\LastWeekLog.php" tests="1" assertions="0" failures="0" errors="0" time="0.342251">
        <testcase name="test" class="LastWeekLogTest" file="C:\wamp\www\agileleagues\app\Test\Case\Model\LastWeekLog.php" line="13" assertions="0" time="0.342251"/>
      </testsuite>
      <testsuite name="LogTest" file="C:\wamp\www\agileleagues\app\Test\Case\Model\LogTest.php" tests="19" assertions="35" failures="0" errors="0" time="16.767503">
        <testcase name="testBeforeSave" class="LogTest" file="C:\wamp\www\agileleagues\app\Test\Case\Model\LogTest.php" line="18" assertions="2" time="0.963307"/>
        <testcase name="testReviewedIncrementedActivityReportedCounter" class="LogTest" file="C:\wamp\www\agileleagues\app\Test\Case\Model\LogTest.php" line="37" assertions="2" time="1.087662"/>
        <testcase name="testWhenReviewedGeneratedXpLogToPlayer" class="LogTest" file="C:\wamp\www\agileleagues\app\Test\Case\Model\LogTest.php" line="46" assertions="2" time="0.878734"/>
        <testcase name="testWhenReviewedGeneratedXpLogToScrumMaster" class="LogTest" file="C:\wamp\www\agileleagues\app\Test\Case\Model\LogTest.php" line="58" assertions="2" time="1.025836"/>
        <testcase name="testAcquiredFutureRule" class="LogTest" file="C:\wamp\www\agileleagues\app\Test\Case\Model\LogTest.php" line="78" assertions="1" time="0.867530"/>
        <testcase name="testAcquiredPastRule" class="LogTest" file="C:\wamp\www\agileleagues\app\Test\Case\Model\LogTest.php" line="87" assertions="1" time="0.730970"/>
        <testcase name="testAllNotReviewed" class="LogTest" file="C:\wamp\www\agileleagues\app\Test\Case\Model\LogTest.php" line="96" assertions="8" time="0.965846"/>
        <testcase name="testPlayerCount" class="LogTest" file="C:\wamp\www\agileleagues\app\Test\Case\Model\LogTest.php" line="106" assertions="2" time="0.862003"/>
        <testcase name="testTimeline" class="LogTest" file="C:\wamp\www\agileleagues\app\Test\Case\Model\LogTest.php" line="113" assertions="1" time="1.265646"/>
        <testcase name="testAverage" class="LogTest" file="C:\wamp\www\agileleagues\app\Test\Case\Model\LogTest.php" line="118" assertions="1" time="0.843880"/>
        <testcase name="testSimpleReviewed" class="LogTest" file="C:\wamp\www\agileleagues\app\Test\Case\Model\LogTest.php" line="123" assertions="1" time="0.811257"/>
        <testcase name="testAllReviewed" class="LogTest" file="C:\wamp\www\agileleagues\app\Test\Case\Model\LogTest.php" line="128" assertions="1" time="0.880881"/>
        <testcase name="testPendingFromPlayer" class="LogTest" file="C:\wamp\www\agileleagues\app\Test\Case\Model\LogTest.php" line="133" assertions="1" time="0.787449"/>
        <testcase name="testReviewWithoutId" class="LogTest" file="C:\wamp\www\agileleagues\app\Test\Case\Model\LogTest.php" line="138" assertions="2" time="0.875557"/>
        <testcase name="testReviewNotExists" class="LogTest" file="C:\wamp\www\agileleagues\app\Test\Case\Model\LogTest.php" line="146" assertions="1" time="0.827057"/>
        <testcase name="testReviewWithId" class="LogTest" file="C:\wamp\www\agileleagues\app\Test\Case\Model\LogTest.php" line="155" assertions="2" time="0.782778"/>
        <testcase name="testCountNotReviewed" class="LogTest" file="C:\wamp\www\agileleagues\app\Test\Case\Model\LogTest.php" line="164" assertions="1" time="0.748133"/>
        <testcase name="testCountPendingFromPlayer" class="LogTest" file="C:\wamp\www\agileleagues\app\Test\Case\Model\LogTest.php" line="169" assertions="1" time="0.829825"/>
        <testcase name="testLastFromEachPlayer" class="LogTest" file="C:\wamp\www\agileleagues\app\Test\Case\Model\LogTest.php" line="174" assertions="3" time="0.733152"/>
      </testsuite>
      <testsuite name="NotificationTest" file="C:\wamp\www\agileleagues\app\Test\Case\Model\NotificationTest.php" tests="7" assertions="16" failures="0" errors="0" time="3.394971">
        <testcase name="testBroadcast" class="NotificationTest" file="C:\wamp\www\agileleagues\app\Test\Case\Model\NotificationTest.php" line="15" assertions="1" time="0.527864"/>
        <testcase name="testSuccess" class="NotificationTest" file="C:\wamp\www\agileleagues\app\Test\Case\Model\NotificationTest.php" line="21" assertions="1" time="0.545586"/>
        <testcase name="testWarning" class="NotificationTest" file="C:\wamp\www\agileleagues\app\Test\Case\Model\NotificationTest.php" line="27" assertions="1" time="0.541013"/>
        <testcase name="testAddError" class="NotificationTest" file="C:\wamp\www\agileleagues\app\Test\Case\Model\NotificationTest.php" line="33" assertions="1" time="0.394205"/>
        <testcase name="testBroadcastFailure" class="NotificationTest" file="C:\wamp\www\agileleagues\app\Test\Case\Model\NotificationTest.php" line="47" assertions="1" time="0.397041"/>
        <testcase name="testUnread" class="NotificationTest" file="C:\wamp\www\agileleagues\app\Test\Case\Model\NotificationTest.php" line="56" assertions="3" time="0.423813"/>
        <testcase name="testMarkAsRead" class="NotificationTest" file="C:\wamp\www\agileleagues\app\Test\Case\Model\NotificationTest.php" line="64" assertions="8" time="0.565449"/>
      </testsuite>
      <testsuite name="PlayerActivityCoinsTest" file="C:\wamp\www\agileleagues\app\Test\Case\Model\PlayerActivityCoinsTest.php" tests="3" assertions="27" failures="0" errors="0" time="2.107469">
        <testcase name="testAllFromPlayer" class="PlayerActivityCoinsTest" file="C:\wamp\www\agileleagues\app\Test\Case\Model\PlayerActivityCoinsTest.php" line="17" assertions="10" time="0.751685"/>
        <testcase name="testAllFromPlayerWithDomain" class="PlayerActivityCoinsTest" file="C:\wamp\www\agileleagues\app\Test\Case\Model\PlayerActivityCoinsTest.php" line="44" assertions="15" time="0.726308"/>
        <testcase name="testCountFromPlayer" class="PlayerActivityCoinsTest" file="C:\wamp\www\agileleagues\app\Test\Case\Model\PlayerActivityCoinsTest.php" line="75" assertions="2" time="0.629476"/>
      </testsuite>
      <testsuite name="PlayerTest" file="C:\wamp\www\agileleagues\app\Test\Case\Model\PlayerTest.php" tests="8" assertions="15" failures="0" errors="0" time="5.658032">
        <testcase name="testDevelopersCount" class="PlayerTest" file="C:\wamp\www\agileleagues\app\Test\Case\Model\PlayerTest.php" line="17" assertions="1" time="0.649788"/>
        <testcase name="testScrumMaster" class="PlayerTest" file="C:\wamp\www\agileleagues\app\Test\Case\Model\PlayerTest.php" line="22" assertions="2" time="0.716792"/>
        <testcase name="testScrumMasterNotFound" class="PlayerTest" file="C:\wamp\www\agileleagues\app\Test\Case\Model\PlayerTest.php" line="28" assertions="1" time="0.654921"/>
        <testcase name="testBeforeSave" class="PlayerTest" file="C:\wamp\www\agileleagues\app\Test\Case\Model\PlayerTest.php" line="40" assertions="1" time="0.821410"/>
        <testcase name="testVirtualFields" class="PlayerTest" file="C:\wamp\www\agileleagues\app\Test\Case\Model\PlayerTest.php" line="50" assertions="5" time="0.689326"/>
        <testcase name="testDifferentActivitiesCompleted" class="PlayerTest" file="C:\wamp\www\agileleagues\app\Test\Case\Model\PlayerTest.php" line="59" assertions="2" time="0.771903"/>
        <testcase name="testLevelAndXP" class="PlayerTest" file="C:\wamp\www\agileleagues\app\Test\Case\Model\PlayerTest.php" line="67" assertions="2" time="0.722485"/>
        <testcase name="testRepeatPasswordRule" class="PlayerTest" file="C:\wamp\www\agileleagues\app\Test\Case\Model\PlayerTest.php" line="73" assertions="1" time="0.631407"/>
      </testsuite>
      <testsuite name="PlayerTotalActivityCoinsTest" file="C:\wamp\www\agileleagues\app\Test\Case\Model\PlayerTotalActivityCoinsTest.php" tests="1" assertions="3" failures="0" errors="0" time="0.636246">
        <testcase name="testCoins" class="PlayerTotalActivityCoinsTest" file="C:\wamp\www\agileleagues\app\Test\Case\Model\PlayerTotalActivityCoinsTest.php" line="17" assertions="3" time="0.636246"/>
      </testsuite>
      <testsuite name="PlayerTypeTest" file="C:\wamp\www\agileleagues\app\Test\Case\Model\PlayerTypeTest.php" tests="1" assertions="0" failures="0" errors="0" time="0.242329">
        <testcase name="test" class="PlayerTypeTest" file="C:\wamp\www\agileleagues\app\Test\Case\Model\PlayerTypeTest.php" line="13" assertions="0" time="0.242329"/>
      </testsuite>
      <testsuite name="TimelineTest" file="C:\wamp\www\agileleagues\app\Test\Case\Model\TimelineTest.php" tests="1" assertions="0" failures="0" errors="0" time="0.132806">
        <testcase name="test" class="TimelineTest" file="C:\wamp\www\agileleagues\app\Test\Case\Model\TimelineTest.php" line="13" assertions="0" time="0.132806"/>
      </testsuite>
      <testsuite name="XpLogTest" file="C:\wamp\www\agileleagues\app\Test\Case\Model\XpLogTest.php" tests="16" assertions="24" failures="0" errors="0" time="24.774818">
        <testcase name="testSaveAddedXP" class="XpLogTest" file="C:\wamp\www\agileleagues\app\Test\Case\Model\XpLogTest.php" line="21" assertions="3" time="2.540786"/>
        <testcase name="testEventTaskReported" class="XpLogTest" file="C:\wamp\www\agileleagues\app\Test\Case\Model\XpLogTest.php" line="39" assertions="1" time="2.464709"/>
        <testcase name="testEventTaskReviewed" class="XpLogTest" file="C:\wamp\www\agileleagues\app\Test\Case\Model\XpLogTest.php" line="48" assertions="1" time="1.375947"/>
        <testcase name="testEventTaskReviewedEventTaskNotFound" class="XpLogTest" file="C:\wamp\www\agileleagues\app\Test\Case\Model\XpLogTest.php" line="56" assertions="1" time="1.817630"/>
        <testcase name="testEventTaskReportedEventTaskNotFound" class="XpLogTest" file="C:\wamp\www\agileleagues\app\Test\Case\Model\XpLogTest.php" line="65" assertions="1" time="0.974502"/>
        <testcase name="testEventTaskReportedPlayerNotFound" class="XpLogTest" file="C:\wamp\www\agileleagues\app\Test\Case\Model\XpLogTest.php" line="75" assertions="1" time="1.112655"/>
        <testcase name="testActivityReported" class="XpLogTest" file="C:\wamp\www\agileleagues\app\Test\Case\Model\XpLogTest.php" line="86" assertions="3" time="1.293440"/>
        <testcase name="testActivityReportedUnlockedMission" class="XpLogTest" file="C:\wamp\www\agileleagues\app\Test\Case\Model\XpLogTest.php" line="112" assertions="3" time="1.381000"/>
        <testcase name="testActivityReportedUnlockedChallenge" class="XpLogTest" file="C:\wamp\www\agileleagues\app\Test\Case\Model\XpLogTest.php" line="138" assertions="3" time="1.172474"/>
        <testcase name="testActivityReportedPlayerNotFound" class="XpLogTest" file="C:\wamp\www\agileleagues\app\Test\Case\Model\XpLogTest.php" line="163" assertions="1" time="0.925949"/>
        <testcase name="testActivityReportedActivityNotFound" class="XpLogTest" file="C:\wamp\www\agileleagues\app\Test\Case\Model\XpLogTest.php" line="174" assertions="1" time="0.887126"/>
        <testcase name="testEventJoined" class="XpLogTest" file="C:\wamp\www\agileleagues\app\Test\Case\Model\XpLogTest.php" line="183" assertions="1" time="1.213125"/>
        <testcase name="testEventCompleted" class="XpLogTest" file="C:\wamp\www\agileleagues\app\Test\Case\Model\XpLogTest.php" line="191" assertions="1" time="1.569568"/>
        <testcase name="testEventCompletedEventNotFound" class="XpLogTest" file="C:\wamp\www\agileleagues\app\Test\Case\Model\XpLogTest.php" line="199" assertions="1" time="2.001250"/>
        <testcase name="testActivityReviewed" class="XpLogTest" file="C:\wamp\www\agileleagues\app\Test\Case\Model\XpLogTest.php" line="208" assertions="1" time="1.200051"/>
        <testcase name="testActivityReviewedNotFound" class="XpLogTest" file="C:\wamp\www\agileleagues\app\Test\Case\Model\XpLogTest.php" line="216" assertions="1" time="2.844606"/>
      </testsuite>
    </testsuite>
  </testsuite>
</testsuites>
